                                      1 ;--------------------------------------------------------
                                      2 ; File Created by SDCC : free open source ISO C Compiler
                                      3 ; Version 4.5.1 #15267 (Mac OS X ppc)
                                      4 ;--------------------------------------------------------
                                      5 	.module UI
                                      6 	
                                      7 ;--------------------------------------------------------
                                      8 ; Public variables in this module
                                      9 ;--------------------------------------------------------
                                     10 	.globl _UI
                                     11 ;--------------------------------------------------------
                                     12 ; special function registers
                                     13 ;--------------------------------------------------------
                                     14 	.area _HRAM
                                     15 ;--------------------------------------------------------
                                     16 ; ram data
                                     17 ;--------------------------------------------------------
                                     18 	.area _DATA
                                     19 ;--------------------------------------------------------
                                     20 ; ram data
                                     21 ;--------------------------------------------------------
                                     22 	.area _INITIALIZED
    00000000                         23 _UI::
    00000000                         24 	.ds 360
                                     25 ;--------------------------------------------------------
                                     26 ; absolute external ram data
                                     27 ;--------------------------------------------------------
                                     28 	.area _DABS (ABS)
                                     29 ;--------------------------------------------------------
                                     30 ; global & static initialisations
                                     31 ;--------------------------------------------------------
                                     32 	.area _HOME
                                     33 	.area _GSINIT
                                     34 	.area _GSFINAL
                                     35 	.area _GSINIT
                                     36 ;--------------------------------------------------------
                                     37 ; Home
                                     38 ;--------------------------------------------------------
                                     39 	.area _HOME
                                     40 	.area _HOME
                                     41 ;--------------------------------------------------------
                                     42 ; code
                                     43 ;--------------------------------------------------------
                                     44 	.area _CODE
                                     45 	.area _CODE
                                     46 	.area _INITIALIZER
    00000000                         47 __xinit__UI:
    00000000 01                      48 	.db #0x01	; 1
    00000001 02                      49 	.db #0x02	; 2
    00000002 02                      50 	.db #0x02	; 2
    00000003 02                      51 	.db #0x02	; 2
    00000004 02                      52 	.db #0x02	; 2
    00000005 02                      53 	.db #0x02	; 2
    00000006 02                      54 	.db #0x02	; 2
    00000007 02                      55 	.db #0x02	; 2
    00000008 02                      56 	.db #0x02	; 2
    00000009 02                      57 	.db #0x02	; 2
    0000000A 03                      58 	.db #0x03	; 3
    0000000B 09                      59 	.db #0x09	; 9
    0000000C 09                      60 	.db #0x09	; 9
    0000000D 01                      61 	.db #0x01	; 1
    0000000E 02                      62 	.db #0x02	; 2
    0000000F 02                      63 	.db #0x02	; 2
    00000010 02                      64 	.db #0x02	; 2
    00000011 02                      65 	.db #0x02	; 2
    00000012 02                      66 	.db #0x02	; 2
    00000013 03                      67 	.db #0x03	; 3
    00000014 05                      68 	.db #0x05	; 5
    00000015 09                      69 	.db #0x09	; 9
    00000016 09                      70 	.db #0x09	; 9
    00000017 09                      71 	.db #0x09	; 9
    00000018 09                      72 	.db #0x09	; 9
    00000019 09                      73 	.db #0x09	; 9
    0000001A 09                      74 	.db #0x09	; 9
    0000001B 09                      75 	.db #0x09	; 9
    0000001C 09                      76 	.db #0x09	; 9
    0000001D 09                      77 	.db #0x09	; 9
    0000001E 04                      78 	.db #0x04	; 4
    0000001F 09                      79 	.db #0x09	; 9
    00000020 09                      80 	.db #0x09	; 9
    00000021 05                      81 	.db #0x05	; 5
    00000022 09                      82 	.db #0x09	; 9
    00000023 09                      83 	.db #0x09	; 9
    00000024 09                      84 	.db #0x09	; 9
    00000025 09                      85 	.db #0x09	; 9
    00000026 09                      86 	.db #0x09	; 9
    00000027 04                      87 	.db #0x04	; 4
    00000028 05                      88 	.db #0x05	; 5
    00000029 09                      89 	.db #0x09	; 9
    0000002A 09                      90 	.db #0x09	; 9
    0000002B 09                      91 	.db #0x09	; 9
    0000002C 09                      92 	.db #0x09	; 9
    0000002D 09                      93 	.db #0x09	; 9
    0000002E 09                      94 	.db #0x09	; 9
    0000002F 09                      95 	.db #0x09	; 9
    00000030 09                      96 	.db #0x09	; 9
    00000031 09                      97 	.db #0x09	; 9
    00000032 04                      98 	.db #0x04	; 4
    00000033 09                      99 	.db #0x09	; 9
    00000034 09                     100 	.db #0x09	; 9
    00000035 05                     101 	.db #0x05	; 5
    00000036 09                     102 	.db #0x09	; 9
    00000037 09                     103 	.db #0x09	; 9
    00000038 09                     104 	.db #0x09	; 9
    00000039 09                     105 	.db #0x09	; 9
    0000003A 09                     106 	.db #0x09	; 9
    0000003B 04                     107 	.db #0x04	; 4
    0000003C 05                     108 	.db #0x05	; 5
    0000003D 09                     109 	.db #0x09	; 9
    0000003E 09                     110 	.db #0x09	; 9
    0000003F 09                     111 	.db #0x09	; 9
    00000040 09                     112 	.db #0x09	; 9
    00000041 09                     113 	.db #0x09	; 9
    00000042 09                     114 	.db #0x09	; 9
    00000043 09                     115 	.db #0x09	; 9
    00000044 09                     116 	.db #0x09	; 9
    00000045 09                     117 	.db #0x09	; 9
    00000046 04                     118 	.db #0x04	; 4
    00000047 09                     119 	.db #0x09	; 9
    00000048 09                     120 	.db #0x09	; 9
    00000049 05                     121 	.db #0x05	; 5
    0000004A 09                     122 	.db #0x09	; 9
    0000004B 09                     123 	.db #0x09	; 9
    0000004C 09                     124 	.db #0x09	; 9
    0000004D 09                     125 	.db #0x09	; 9
    0000004E 09                     126 	.db #0x09	; 9
    0000004F 04                     127 	.db #0x04	; 4
    00000050 05                     128 	.db #0x05	; 5
    00000051 09                     129 	.db #0x09	; 9
    00000052 09                     130 	.db #0x09	; 9
    00000053 09                     131 	.db #0x09	; 9
    00000054 09                     132 	.db #0x09	; 9
    00000055 09                     133 	.db #0x09	; 9
    00000056 09                     134 	.db #0x09	; 9
    00000057 09                     135 	.db #0x09	; 9
    00000058 09                     136 	.db #0x09	; 9
    00000059 09                     137 	.db #0x09	; 9
    0000005A 04                     138 	.db #0x04	; 4
    0000005B 09                     139 	.db #0x09	; 9
    0000005C 09                     140 	.db #0x09	; 9
    0000005D 05                     141 	.db #0x05	; 5
    0000005E 09                     142 	.db #0x09	; 9
    0000005F 09                     143 	.db #0x09	; 9
    00000060 09                     144 	.db #0x09	; 9
    00000061 09                     145 	.db #0x09	; 9
    00000062 09                     146 	.db #0x09	; 9
    00000063 04                     147 	.db #0x04	; 4
    00000064 05                     148 	.db #0x05	; 5
    00000065 09                     149 	.db #0x09	; 9
    00000066 09                     150 	.db #0x09	; 9
    00000067 09                     151 	.db #0x09	; 9
    00000068 09                     152 	.db #0x09	; 9
    00000069 09                     153 	.db #0x09	; 9
    0000006A 09                     154 	.db #0x09	; 9
    0000006B 09                     155 	.db #0x09	; 9
    0000006C 09                     156 	.db #0x09	; 9
    0000006D 09                     157 	.db #0x09	; 9
    0000006E 04                     158 	.db #0x04	; 4
    0000006F 09                     159 	.db #0x09	; 9
    00000070 09                     160 	.db #0x09	; 9
    00000071 05                     161 	.db #0x05	; 5
    00000072 09                     162 	.db #0x09	; 9
    00000073 09                     163 	.db #0x09	; 9
    00000074 09                     164 	.db #0x09	; 9
    00000075 09                     165 	.db #0x09	; 9
    00000076 09                     166 	.db #0x09	; 9
    00000077 04                     167 	.db #0x04	; 4
    00000078 05                     168 	.db #0x05	; 5
    00000079 09                     169 	.db #0x09	; 9
    0000007A 09                     170 	.db #0x09	; 9
    0000007B 09                     171 	.db #0x09	; 9
    0000007C 09                     172 	.db #0x09	; 9
    0000007D 09                     173 	.db #0x09	; 9
    0000007E 09                     174 	.db #0x09	; 9
    0000007F 09                     175 	.db #0x09	; 9
    00000080 09                     176 	.db #0x09	; 9
    00000081 09                     177 	.db #0x09	; 9
    00000082 04                     178 	.db #0x04	; 4
    00000083 09                     179 	.db #0x09	; 9
    00000084 09                     180 	.db #0x09	; 9
    00000085 05                     181 	.db #0x05	; 5
    00000086 09                     182 	.db #0x09	; 9
    00000087 09                     183 	.db #0x09	; 9
    00000088 09                     184 	.db #0x09	; 9
    00000089 09                     185 	.db #0x09	; 9
    0000008A 09                     186 	.db #0x09	; 9
    0000008B 04                     187 	.db #0x04	; 4
    0000008C 05                     188 	.db #0x05	; 5
    0000008D 09                     189 	.db #0x09	; 9
    0000008E 09                     190 	.db #0x09	; 9
    0000008F 09                     191 	.db #0x09	; 9
    00000090 09                     192 	.db #0x09	; 9
    00000091 09                     193 	.db #0x09	; 9
    00000092 09                     194 	.db #0x09	; 9
    00000093 09                     195 	.db #0x09	; 9
    00000094 09                     196 	.db #0x09	; 9
    00000095 09                     197 	.db #0x09	; 9
    00000096 04                     198 	.db #0x04	; 4
    00000097 09                     199 	.db #0x09	; 9
    00000098 09                     200 	.db #0x09	; 9
    00000099 05                     201 	.db #0x05	; 5
    0000009A 09                     202 	.db #0x09	; 9
    0000009B 09                     203 	.db #0x09	; 9
    0000009C 09                     204 	.db #0x09	; 9
    0000009D 09                     205 	.db #0x09	; 9
    0000009E 09                     206 	.db #0x09	; 9
    0000009F 04                     207 	.db #0x04	; 4
    000000A0 05                     208 	.db #0x05	; 5
    000000A1 09                     209 	.db #0x09	; 9
    000000A2 09                     210 	.db #0x09	; 9
    000000A3 09                     211 	.db #0x09	; 9
    000000A4 09                     212 	.db #0x09	; 9
    000000A5 09                     213 	.db #0x09	; 9
    000000A6 09                     214 	.db #0x09	; 9
    000000A7 09                     215 	.db #0x09	; 9
    000000A8 09                     216 	.db #0x09	; 9
    000000A9 09                     217 	.db #0x09	; 9
    000000AA 04                     218 	.db #0x04	; 4
    000000AB 09                     219 	.db #0x09	; 9
    000000AC 09                     220 	.db #0x09	; 9
    000000AD 05                     221 	.db #0x05	; 5
    000000AE 09                     222 	.db #0x09	; 9
    000000AF 09                     223 	.db #0x09	; 9
    000000B0 09                     224 	.db #0x09	; 9
    000000B1 09                     225 	.db #0x09	; 9
    000000B2 09                     226 	.db #0x09	; 9
    000000B3 04                     227 	.db #0x04	; 4
    000000B4 05                     228 	.db #0x05	; 5
    000000B5 09                     229 	.db #0x09	; 9
    000000B6 09                     230 	.db #0x09	; 9
    000000B7 09                     231 	.db #0x09	; 9
    000000B8 09                     232 	.db #0x09	; 9
    000000B9 09                     233 	.db #0x09	; 9
    000000BA 09                     234 	.db #0x09	; 9
    000000BB 09                     235 	.db #0x09	; 9
    000000BC 09                     236 	.db #0x09	; 9
    000000BD 09                     237 	.db #0x09	; 9
    000000BE 04                     238 	.db #0x04	; 4
    000000BF 09                     239 	.db #0x09	; 9
    000000C0 09                     240 	.db #0x09	; 9
    000000C1 05                     241 	.db #0x05	; 5
    000000C2 09                     242 	.db #0x09	; 9
    000000C3 09                     243 	.db #0x09	; 9
    000000C4 09                     244 	.db #0x09	; 9
    000000C5 09                     245 	.db #0x09	; 9
    000000C6 09                     246 	.db #0x09	; 9
    000000C7 04                     247 	.db #0x04	; 4
    000000C8 05                     248 	.db #0x05	; 5
    000000C9 09                     249 	.db #0x09	; 9
    000000CA 09                     250 	.db #0x09	; 9
    000000CB 09                     251 	.db #0x09	; 9
    000000CC 09                     252 	.db #0x09	; 9
    000000CD 09                     253 	.db #0x09	; 9
    000000CE 09                     254 	.db #0x09	; 9
    000000CF 09                     255 	.db #0x09	; 9
    000000D0 09                     256 	.db #0x09	; 9
    000000D1 09                     257 	.db #0x09	; 9
    000000D2 04                     258 	.db #0x04	; 4
    000000D3 09                     259 	.db #0x09	; 9
    000000D4 09                     260 	.db #0x09	; 9
    000000D5 05                     261 	.db #0x05	; 5
    000000D6 09                     262 	.db #0x09	; 9
    000000D7 09                     263 	.db #0x09	; 9
    000000D8 09                     264 	.db #0x09	; 9
    000000D9 09                     265 	.db #0x09	; 9
    000000DA 09                     266 	.db #0x09	; 9
    000000DB 04                     267 	.db #0x04	; 4
    000000DC 08                     268 	.db #0x08	; 8
    000000DD 07                     269 	.db #0x07	; 7
    000000DE 07                     270 	.db #0x07	; 7
    000000DF 07                     271 	.db #0x07	; 7
    000000E0 07                     272 	.db #0x07	; 7
    000000E1 07                     273 	.db #0x07	; 7
    000000E2 07                     274 	.db #0x07	; 7
    000000E3 07                     275 	.db #0x07	; 7
    000000E4 07                     276 	.db #0x07	; 7
    000000E5 07                     277 	.db #0x07	; 7
    000000E6 06                     278 	.db #0x06	; 6
    000000E7 09                     279 	.db #0x09	; 9
    000000E8 09                     280 	.db #0x09	; 9
    000000E9 05                     281 	.db #0x05	; 5
    000000EA 09                     282 	.db #0x09	; 9
    000000EB 09                     283 	.db #0x09	; 9
    000000EC 09                     284 	.db #0x09	; 9
    000000ED 09                     285 	.db #0x09	; 9
    000000EE 09                     286 	.db #0x09	; 9
    000000EF 04                     287 	.db #0x04	; 4
    000000F0 09                     288 	.db #0x09	; 9
    000000F1 09                     289 	.db #0x09	; 9
    000000F2 09                     290 	.db #0x09	; 9
    000000F3 09                     291 	.db #0x09	; 9
    000000F4 09                     292 	.db #0x09	; 9
    000000F5 09                     293 	.db #0x09	; 9
    000000F6 09                     294 	.db #0x09	; 9
    000000F7 09                     295 	.db #0x09	; 9
    000000F8 09                     296 	.db #0x09	; 9
    000000F9 09                     297 	.db #0x09	; 9
    000000FA 09                     298 	.db #0x09	; 9
    000000FB 09                     299 	.db #0x09	; 9
    000000FC 09                     300 	.db #0x09	; 9
    000000FD 05                     301 	.db #0x05	; 5
    000000FE 09                     302 	.db #0x09	; 9
    000000FF 09                     303 	.db #0x09	; 9
    00000100 09                     304 	.db #0x09	; 9
    00000101 09                     305 	.db #0x09	; 9
    00000102 09                     306 	.db #0x09	; 9
    00000103 04                     307 	.db #0x04	; 4
    00000104 09                     308 	.db #0x09	; 9
    00000105 09                     309 	.db #0x09	; 9
    00000106 09                     310 	.db #0x09	; 9
    00000107 09                     311 	.db #0x09	; 9
    00000108 09                     312 	.db #0x09	; 9
    00000109 09                     313 	.db #0x09	; 9
    0000010A 09                     314 	.db #0x09	; 9
    0000010B 09                     315 	.db #0x09	; 9
    0000010C 09                     316 	.db #0x09	; 9
    0000010D 09                     317 	.db #0x09	; 9
    0000010E 09                     318 	.db #0x09	; 9
    0000010F 09                     319 	.db #0x09	; 9
    00000110 09                     320 	.db #0x09	; 9
    00000111 05                     321 	.db #0x05	; 5
    00000112 09                     322 	.db #0x09	; 9
    00000113 09                     323 	.db #0x09	; 9
    00000114 09                     324 	.db #0x09	; 9
    00000115 09                     325 	.db #0x09	; 9
    00000116 09                     326 	.db #0x09	; 9
    00000117 04                     327 	.db #0x04	; 4
    00000118 09                     328 	.db #0x09	; 9
    00000119 09                     329 	.db #0x09	; 9
    0000011A 09                     330 	.db #0x09	; 9
    0000011B 09                     331 	.db #0x09	; 9
    0000011C 09                     332 	.db #0x09	; 9
    0000011D 09                     333 	.db #0x09	; 9
    0000011E 09                     334 	.db #0x09	; 9
    0000011F 09                     335 	.db #0x09	; 9
    00000120 09                     336 	.db #0x09	; 9
    00000121 09                     337 	.db #0x09	; 9
    00000122 09                     338 	.db #0x09	; 9
    00000123 09                     339 	.db #0x09	; 9
    00000124 09                     340 	.db #0x09	; 9
    00000125 05                     341 	.db #0x05	; 5
    00000126 09                     342 	.db #0x09	; 9
    00000127 09                     343 	.db #0x09	; 9
    00000128 09                     344 	.db #0x09	; 9
    00000129 09                     345 	.db #0x09	; 9
    0000012A 09                     346 	.db #0x09	; 9
    0000012B 04                     347 	.db #0x04	; 4
    0000012C 09                     348 	.db #0x09	; 9
    0000012D 09                     349 	.db #0x09	; 9
    0000012E 09                     350 	.db #0x09	; 9
    0000012F 09                     351 	.db #0x09	; 9
    00000130 09                     352 	.db #0x09	; 9
    00000131 09                     353 	.db #0x09	; 9
    00000132 09                     354 	.db #0x09	; 9
    00000133 09                     355 	.db #0x09	; 9
    00000134 09                     356 	.db #0x09	; 9
    00000135 09                     357 	.db #0x09	; 9
    00000136 09                     358 	.db #0x09	; 9
    00000137 09                     359 	.db #0x09	; 9
    00000138 09                     360 	.db #0x09	; 9
    00000139 05                     361 	.db #0x05	; 5
    0000013A 09                     362 	.db #0x09	; 9
    0000013B 09                     363 	.db #0x09	; 9
    0000013C 09                     364 	.db #0x09	; 9
    0000013D 09                     365 	.db #0x09	; 9
    0000013E 09                     366 	.db #0x09	; 9
    0000013F 04                     367 	.db #0x04	; 4
    00000140 09                     368 	.db #0x09	; 9
    00000141 09                     369 	.db #0x09	; 9
    00000142 09                     370 	.db #0x09	; 9
    00000143 09                     371 	.db #0x09	; 9
    00000144 09                     372 	.db #0x09	; 9
    00000145 09                     373 	.db #0x09	; 9
    00000146 09                     374 	.db #0x09	; 9
    00000147 09                     375 	.db #0x09	; 9
    00000148 09                     376 	.db #0x09	; 9
    00000149 09                     377 	.db #0x09	; 9
    0000014A 09                     378 	.db #0x09	; 9
    0000014B 09                     379 	.db #0x09	; 9
    0000014C 09                     380 	.db #0x09	; 9
    0000014D 08                     381 	.db #0x08	; 8
    0000014E 07                     382 	.db #0x07	; 7
    0000014F 07                     383 	.db #0x07	; 7
    00000150 07                     384 	.db #0x07	; 7
    00000151 07                     385 	.db #0x07	; 7
    00000152 07                     386 	.db #0x07	; 7
    00000153 06                     387 	.db #0x06	; 6
    00000154 09                     388 	.db #0x09	; 9
    00000155 09                     389 	.db #0x09	; 9
    00000156 09                     390 	.db #0x09	; 9
    00000157 09                     391 	.db #0x09	; 9
    00000158 09                     392 	.db #0x09	; 9
    00000159 09                     393 	.db #0x09	; 9
    0000015A 09                     394 	.db #0x09	; 9
    0000015B 09                     395 	.db #0x09	; 9
    0000015C 09                     396 	.db #0x09	; 9
    0000015D 09                     397 	.db #0x09	; 9
    0000015E 09                     398 	.db #0x09	; 9
    0000015F 09                     399 	.db #0x09	; 9
    00000160 09                     400 	.db #0x09	; 9
    00000161 09                     401 	.db #0x09	; 9
    00000162 09                     402 	.db #0x09	; 9
    00000163 09                     403 	.db #0x09	; 9
    00000164 09                     404 	.db #0x09	; 9
    00000165 09                     405 	.db #0x09	; 9
    00000166 09                     406 	.db #0x09	; 9
    00000167 09                     407 	.db #0x09	; 9
                                    408 	.area _CABS (ABS)
