                                      1 ;--------------------------------------------------------
                                      2 ; File Created by SDCC : free open source ISO C Compiler
                                      3 ; Version 4.5.1 #15267 (Mac OS X ppc)
                                      4 ;--------------------------------------------------------
                                      5 	.module ui_pointer
                                      6 	
                                      7 ;--------------------------------------------------------
                                      8 ; Public variables in this module
                                      9 ;--------------------------------------------------------
                                     10 	.globl _set_sprite_data
                                     11 	.globl _wait_vbl_done
                                     12 	.globl _PointerSprites
                                     13 	.globl _pointer_init
                                     14 	.globl _pointer_move
                                     15 	.globl _pointer_anim_select
                                     16 	.globl _pointer_hide
                                     17 ;--------------------------------------------------------
                                     18 ; special function registers
                                     19 ;--------------------------------------------------------
                                     20 	.area _HRAM
                                     21 ;--------------------------------------------------------
                                     22 ; ram data
                                     23 ;--------------------------------------------------------
                                     24 	.area _DATA
                                     25 ;--------------------------------------------------------
                                     26 ; ram data
                                     27 ;--------------------------------------------------------
                                     28 	.area _INITIALIZED
    00000000                         29 _PointerSprites::
    00000000                         30 	.ds 128
                                     31 ;--------------------------------------------------------
                                     32 ; absolute external ram data
                                     33 ;--------------------------------------------------------
                                     34 	.area _DABS (ABS)
                                     35 ;--------------------------------------------------------
                                     36 ; global & static initialisations
                                     37 ;--------------------------------------------------------
                                     38 	.area _HOME
                                     39 	.area _GSINIT
                                     40 	.area _GSFINAL
                                     41 	.area _GSINIT
                                     42 ;--------------------------------------------------------
                                     43 ; Home
                                     44 ;--------------------------------------------------------
                                     45 	.area _HOME
                                     46 	.area _HOME
                                     47 ;--------------------------------------------------------
                                     48 ; code
                                     49 ;--------------------------------------------------------
                                     50 	.area _CODE
                                     51 ;src/UI/ui_pointer.c:19: void pointer_init(UIPointer *p, uint8_t vram_base, uint8_t oam_base) {
                                     52 ;	---------------------------------
                                     53 ; Function pointer_init
                                     54 ; ---------------------------------
    00000000                         55 _pointer_init::
    00000000 E8 FB            [16]   56 	add	sp, #-5
    00000002 F8 03            [12]   57 	ldhl	sp,	#3
    00000004 73               [ 8]   58 	ld	(hl), e
    00000005 23               [ 8]   59 	inc	hl
    00000006 72               [ 8]   60 	ld	(hl), d
    00000007 47               [ 4]   61 	ld	b, a
                                     62 ;src/UI/ui_pointer.c:20: p->vram_base = vram_base;
    00000008 3A               [ 8]   63 	ld	a, (hl-)
    00000009 6E               [ 8]   64 	ld	l, (hl)
    0000000A 67               [ 4]   65 	ld	h, a
    0000000B 70               [ 8]   66 	ld	(hl), b
                                     67 ;src/UI/ui_pointer.c:21: p->oam_base  = oam_base;
    0000000C F8 03            [12]   68 	ldhl	sp,	#3
    0000000E 2A               [ 8]   69 	ld	a, (hl+)
    0000000F 5F               [ 4]   70 	ld	e, a
    00000010 56               [ 8]   71 	ld	d, (hl)
    00000011 13               [ 8]   72 	inc	de
    00000012 F8 07            [12]   73 	ldhl	sp,	#7
    00000014 7E               [ 8]   74 	ld	a, (hl)
    00000015 12               [ 8]   75 	ld	(de), a
                                     76 ;src/UI/ui_pointer.c:24: set_sprite_data(vram_base, 8, PointerSprites);
    00000016 11r00r00         [12]   77 	ld	de, #_PointerSprites
    00000019 D5               [16]   78 	push	de
    0000001A 3E 08            [ 8]   79 	ld	a, #0x08
    0000001C F5               [16]   80 	push	af
    0000001D 33               [ 8]   81 	inc	sp
    0000001E C5               [16]   82 	push	bc
    0000001F 33               [ 8]   83 	inc	sp
    00000020 CDr00r00         [24]   84 	call	_set_sprite_data
    00000023 E8 04            [16]   85 	add	sp, #4
                                     86 ;src/UI/ui_pointer.c:28: set_sprite_prop(oam_base + 0, 0);
    00000025 F8 07            [12]   87 	ldhl	sp,	#7
    00000027 4E               [ 8]   88 	ld	c, (hl)
                                     89 ;/Users/apple/gbdk/include/gb/gb.h:1946: shadow_OAM[nb].prop=prop;
    00000028 69               [ 4]   90 	ld	l, c
    00000029 26 00            [ 8]   91 	ld	h, #0x00
    0000002B 29               [ 8]   92 	add	hl, hl
    0000002C 29               [ 8]   93 	add	hl, hl
    0000002D 5D               [ 4]   94 	ld	e, l
    0000002E 54               [ 4]   95 	ld	d, h
    0000002F 21r01r00         [12]   96 	ld	hl,#_shadow_OAM + 1
    00000032 19               [ 8]   97 	add	hl,de
    00000033 23               [ 8]   98 	inc	hl
    00000034 23               [ 8]   99 	inc	hl
    00000035 36 00            [12]  100 	ld	(hl), #0x00
                                    101 ;src/UI/ui_pointer.c:29: set_sprite_prop(oam_base + 1, 0);
    00000037 F8 02            [12]  102 	ldhl	sp,	#2
    00000039 71               [ 8]  103 	ld	(hl), c
    0000003A 3A               [ 8]  104 	ld	a, (hl-)
    0000003B 2B               [ 8]  105 	dec	hl
    0000003C 3C               [ 4]  106 	inc	a
    0000003D 77               [ 8]  107 	ld	(hl), a
    0000003E 4E               [ 8]  108 	ld	c, (hl)
                                    109 ;/Users/apple/gbdk/include/gb/gb.h:1946: shadow_OAM[nb].prop=prop;
    0000003F AF               [ 4]  110 	xor	a, a
    00000040 69               [ 4]  111 	ld	l, c
    00000041 67               [ 4]  112 	ld	h, a
    00000042 29               [ 8]  113 	add	hl, hl
    00000043 29               [ 8]  114 	add	hl, hl
    00000044 D5               [16]  115 	push	de
    00000045 11r00r00         [12]  116 	ld	de, #_shadow_OAM
    00000048 19               [ 8]  117 	add	hl, de
    00000049 23               [ 8]  118 	inc	hl
    0000004A 23               [ 8]  119 	inc	hl
    0000004B 23               [ 8]  120 	inc	hl
    0000004C D1               [12]  121 	pop	de
    0000004D 36 00            [12]  122 	ld	(hl), #0x00
                                    123 ;src/UI/ui_pointer.c:30: set_sprite_prop(oam_base + 2, 0);
    0000004F F8 02            [12]  124 	ldhl	sp,	#2
    00000051 3A               [ 8]  125 	ld	a, (hl-)
    00000052 C6 02            [ 8]  126 	add	a, #0x02
    00000054 77               [ 8]  127 	ld	(hl), a
    00000055 4E               [ 8]  128 	ld	c, (hl)
                                    129 ;/Users/apple/gbdk/include/gb/gb.h:1946: shadow_OAM[nb].prop=prop;
    00000056 AF               [ 4]  130 	xor	a, a
    00000057 69               [ 4]  131 	ld	l, c
    00000058 67               [ 4]  132 	ld	h, a
    00000059 29               [ 8]  133 	add	hl, hl
    0000005A 29               [ 8]  134 	add	hl, hl
    0000005B D5               [16]  135 	push	de
    0000005C 11r00r00         [12]  136 	ld	de, #_shadow_OAM
    0000005F 19               [ 8]  137 	add	hl, de
    00000060 23               [ 8]  138 	inc	hl
    00000061 23               [ 8]  139 	inc	hl
    00000062 23               [ 8]  140 	inc	hl
    00000063 D1               [12]  141 	pop	de
    00000064 36 00            [12]  142 	ld	(hl), #0x00
                                    143 ;src/UI/ui_pointer.c:31: set_sprite_prop(oam_base + 3, 0);
    00000066 F8 02            [12]  144 	ldhl	sp,	#2
    00000068 34               [12]  145 	inc	(hl)
    00000069 34               [12]  146 	inc	(hl)
    0000006A 34               [12]  147 	inc	(hl)
                                    148 ;/Users/apple/gbdk/include/gb/gb.h:1946: shadow_OAM[nb].prop=prop;
    0000006B 6E               [ 8]  149 	ld	l, (hl)
    0000006C 26 00            [ 8]  150 	ld	h, #0x00
    0000006E 29               [ 8]  151 	add	hl, hl
    0000006F 29               [ 8]  152 	add	hl, hl
    00000070 D5               [16]  153 	push	de
    00000071 11r00r00         [12]  154 	ld	de, #_shadow_OAM
    00000074 19               [ 8]  155 	add	hl, de
    00000075 23               [ 8]  156 	inc	hl
    00000076 23               [ 8]  157 	inc	hl
    00000077 23               [ 8]  158 	inc	hl
    00000078 D1               [12]  159 	pop	de
    00000079 36 00            [12]  160 	ld	(hl), #0x00
                                    161 ;/Users/apple/gbdk/include/gb/gb.h:1887: shadow_OAM[nb].tile=tile;
    0000007B 21r01r00         [12]  162 	ld	hl,#_shadow_OAM + 1
    0000007E 19               [ 8]  163 	add	hl,de
    0000007F 23               [ 8]  164 	inc	hl
    00000080 70               [ 8]  165 	ld	(hl), b
                                    166 ;src/UI/ui_pointer.c:34: set_sprite_tile(oam_base + 1, vram_base + 2);  /* TR (GBTD index 2) */
    00000081 48               [ 4]  167 	ld	c, b
    00000082 0C               [ 4]  168 	inc	c
    00000083 0C               [ 4]  169 	inc	c
    00000084 F8 00            [12]  170 	ldhl	sp,	#0
                                    171 ;/Users/apple/gbdk/include/gb/gb.h:1887: shadow_OAM[nb].tile=tile;
    00000086 6E               [ 8]  172 	ld	l, (hl)
    00000087 26 00            [ 8]  173 	ld	h, #0x00
    00000089 29               [ 8]  174 	add	hl, hl
    0000008A 29               [ 8]  175 	add	hl, hl
    0000008B 11r00r00         [12]  176 	ld	de, #_shadow_OAM
    0000008E 19               [ 8]  177 	add	hl, de
    0000008F 23               [ 8]  178 	inc	hl
    00000090 23               [ 8]  179 	inc	hl
    00000091 71               [ 8]  180 	ld	(hl), c
                                    181 ;src/UI/ui_pointer.c:35: set_sprite_tile(oam_base + 2, vram_base + 1);  /* BL (GBTD index 1) */
    00000092 48               [ 4]  182 	ld	c, b
    00000093 0C               [ 4]  183 	inc	c
    00000094 F8 01            [12]  184 	ldhl	sp,	#1
                                    185 ;/Users/apple/gbdk/include/gb/gb.h:1887: shadow_OAM[nb].tile=tile;
    00000096 6E               [ 8]  186 	ld	l, (hl)
    00000097 26 00            [ 8]  187 	ld	h, #0x00
    00000099 29               [ 8]  188 	add	hl, hl
    0000009A 29               [ 8]  189 	add	hl, hl
    0000009B 11r00r00         [12]  190 	ld	de, #_shadow_OAM
    0000009E 19               [ 8]  191 	add	hl, de
    0000009F 23               [ 8]  192 	inc	hl
    000000A0 23               [ 8]  193 	inc	hl
    000000A1 71               [ 8]  194 	ld	(hl), c
                                    195 ;src/UI/ui_pointer.c:36: set_sprite_tile(oam_base + 3, vram_base + 3);  /* BR (GBTD index 3) */
    000000A2 04               [ 4]  196 	inc	b
    000000A3 04               [ 4]  197 	inc	b
    000000A4 04               [ 4]  198 	inc	b
    000000A5 F8 02            [12]  199 	ldhl	sp,	#2
                                    200 ;/Users/apple/gbdk/include/gb/gb.h:1887: shadow_OAM[nb].tile=tile;
    000000A7 6E               [ 8]  201 	ld	l, (hl)
    000000A8 11r00r00         [12]  202 	ld	de, #_shadow_OAM+0
    000000AB 26 00            [ 8]  203 	ld	h, #0x00
    000000AD 29               [ 8]  204 	add	hl, hl
    000000AE 29               [ 8]  205 	add	hl, hl
    000000AF 19               [ 8]  206 	add	hl, de
    000000B0 23               [ 8]  207 	inc	hl
    000000B1 23               [ 8]  208 	inc	hl
    000000B2 70               [ 8]  209 	ld	(hl), b
                                    210 ;src/UI/ui_pointer.c:38: pointer_hide(p);
    000000B3 F8 03            [12]  211 	ldhl	sp,	#3
    000000B5 2A               [ 8]  212 	ld	a, (hl+)
    000000B6 5F               [ 4]  213 	ld	e, a
    000000B7 56               [ 8]  214 	ld	d, (hl)
    000000B8 CDr13r02         [24]  215 	call	_pointer_hide
                                    216 ;src/UI/ui_pointer.c:39: }
    000000BB E8 05            [16]  217 	add	sp, #5
    000000BD E1               [12]  218 	pop	hl
    000000BE 33               [ 8]  219 	inc	sp
    000000BF E9               [ 4]  220 	jp	(hl)
                                    221 ;src/UI/ui_pointer.c:41: void pointer_move(UIPointer *p, uint8_t screen_x, uint8_t screen_y) {
                                    222 ;	---------------------------------
                                    223 ; Function pointer_move
                                    224 ; ---------------------------------
    000000C0                        225 _pointer_move::
    000000C0 E8 FC            [16]  226 	add	sp, #-4
                                    227 ;src/UI/ui_pointer.c:43: uint8_t ox = screen_x + 8u;
    000000C2 C6 08            [ 8]  228 	add	a, #0x08
    000000C4 4F               [ 4]  229 	ld	c, a
                                    230 ;src/UI/ui_pointer.c:44: uint8_t oy = screen_y + 16u;
    000000C5 F8 06            [12]  231 	ldhl	sp,	#6
    000000C7 7E               [ 8]  232 	ld	a, (hl)
    000000C8 C6 10            [ 8]  233 	add	a, #0x10
    000000CA F8 00            [12]  234 	ldhl	sp,	#0
    000000CC 77               [ 8]  235 	ld	(hl), a
                                    236 ;src/UI/ui_pointer.c:45: uint8_t b  = p->oam_base;
    000000CD 13               [ 8]  237 	inc	de
    000000CE 1A               [ 8]  238 	ld	a, (de)
    000000CF 47               [ 4]  239 	ld	b, a
                                    240 ;/Users/apple/gbdk/include/gb/gb.h:1973: OAM_item_t * itm = &shadow_OAM[nb];
    000000D0 68               [ 4]  241 	ld	l, b
    000000D1 26 00            [ 8]  242 	ld	h, #0x00
    000000D3 29               [ 8]  243 	add	hl, hl
    000000D4 29               [ 8]  244 	add	hl, hl
    000000D5 11r00r00         [12]  245 	ld	de, #_shadow_OAM
    000000D8 19               [ 8]  246 	add	hl, de
                                    247 ;/Users/apple/gbdk/include/gb/gb.h:1974: itm->y=y, itm->x=x;
    000000D9 E5               [16]  248 	push	hl
    000000DA F8 02            [12]  249 	ldhl	sp,	#2
    000000DC 7E               [ 8]  250 	ld	a, (hl)
    000000DD E1               [12]  251 	pop	hl
    000000DE 22               [ 8]  252 	ld	(hl+), a
    000000DF 71               [ 8]  253 	ld	(hl), c
                                    254 ;src/UI/ui_pointer.c:48: move_sprite(b + 1, ox + 8u, oy);       /* top-right */
    000000E0 79               [ 4]  255 	ld	a, c
    000000E1 C6 08            [ 8]  256 	add	a, #0x08
    000000E3 5F               [ 4]  257 	ld	e, a
    000000E4 F8 01            [12]  258 	ldhl	sp,	#1
    000000E6 7B               [ 4]  259 	ld	a, e
    000000E7 22               [ 8]  260 	ld	(hl+), a
    000000E8 70               [ 8]  261 	ld	(hl), b
    000000E9 2A               [ 8]  262 	ld	a, (hl+)
    000000EA 3C               [ 4]  263 	inc	a
    000000EB 77               [ 8]  264 	ld	(hl), a
                                    265 ;/Users/apple/gbdk/include/gb/gb.h:1973: OAM_item_t * itm = &shadow_OAM[nb];
    000000EC 46               [ 8]  266 	ld	b, (hl)
    000000ED AF               [ 4]  267 	xor	a, a
    000000EE 68               [ 4]  268 	ld	l, b
    000000EF 67               [ 4]  269 	ld	h, a
    000000F0 29               [ 8]  270 	add	hl, hl
    000000F1 29               [ 8]  271 	add	hl, hl
    000000F2 D5               [16]  272 	push	de
    000000F3 11r00r00         [12]  273 	ld	de, #_shadow_OAM
    000000F6 19               [ 8]  274 	add	hl, de
    000000F7 D1               [12]  275 	pop	de
                                    276 ;/Users/apple/gbdk/include/gb/gb.h:1974: itm->y=y, itm->x=x;
    000000F8 E5               [16]  277 	push	hl
    000000F9 F8 02            [12]  278 	ldhl	sp,	#2
    000000FB 7E               [ 8]  279 	ld	a, (hl)
    000000FC E1               [12]  280 	pop	hl
    000000FD 22               [ 8]  281 	ld	(hl+), a
    000000FE E5               [16]  282 	push	hl
    000000FF F8 03            [12]  283 	ldhl	sp,	#3
    00000101 7E               [ 8]  284 	ld	a, (hl)
    00000102 E1               [12]  285 	pop	hl
    00000103 77               [ 8]  286 	ld	(hl), a
                                    287 ;src/UI/ui_pointer.c:49: move_sprite(b + 2, ox,      oy + 8u);  /* bot-left  */
    00000104 F8 00            [12]  288 	ldhl	sp,	#0
    00000106 7E               [ 8]  289 	ld	a, (hl)
    00000107 C6 08            [ 8]  290 	add	a, #0x08
    00000109 57               [ 4]  291 	ld	d, a
    0000010A F8 03            [12]  292 	ldhl	sp,	#3
    0000010C 7A               [ 4]  293 	ld	a, d
    0000010D 32               [ 8]  294 	ld	(hl-), a
    0000010E 46               [ 8]  295 	ld	b, (hl)
    0000010F 04               [ 4]  296 	inc	b
    00000110 04               [ 4]  297 	inc	b
                                    298 ;/Users/apple/gbdk/include/gb/gb.h:1973: OAM_item_t * itm = &shadow_OAM[nb];
    00000111 68               [ 4]  299 	ld	l, b
    00000112 26 00            [ 8]  300 	ld	h, #0x00
    00000114 29               [ 8]  301 	add	hl, hl
    00000115 29               [ 8]  302 	add	hl, hl
    00000116 D5               [16]  303 	push	de
    00000117 11r00r00         [12]  304 	ld	de, #_shadow_OAM
    0000011A 19               [ 8]  305 	add	hl, de
    0000011B D1               [12]  306 	pop	de
                                    307 ;/Users/apple/gbdk/include/gb/gb.h:1974: itm->y=y, itm->x=x;
    0000011C E5               [16]  308 	push	hl
    0000011D F8 05            [12]  309 	ldhl	sp,	#5
    0000011F 7E               [ 8]  310 	ld	a, (hl)
    00000120 E1               [12]  311 	pop	hl
    00000121 22               [ 8]  312 	ld	(hl+), a
    00000122 71               [ 8]  313 	ld	(hl), c
                                    314 ;src/UI/ui_pointer.c:50: move_sprite(b + 3, ox + 8u, oy + 8u);  /* bot-right */
    00000123 F8 02            [12]  315 	ldhl	sp,	#2
    00000125 4E               [ 8]  316 	ld	c, (hl)
    00000126 0C               [ 4]  317 	inc	c
    00000127 0C               [ 4]  318 	inc	c
    00000128 0C               [ 4]  319 	inc	c
                                    320 ;/Users/apple/gbdk/include/gb/gb.h:1973: OAM_item_t * itm = &shadow_OAM[nb];
    00000129 AF               [ 4]  321 	xor	a, a
    0000012A 69               [ 4]  322 	ld	l, c
    0000012B 67               [ 4]  323 	ld	h, a
    0000012C 29               [ 8]  324 	add	hl, hl
    0000012D 29               [ 8]  325 	add	hl, hl
    0000012E 01r00r00         [12]  326 	ld	bc, #_shadow_OAM
    00000131 09               [ 8]  327 	add	hl, bc
                                    328 ;/Users/apple/gbdk/include/gb/gb.h:1974: itm->y=y, itm->x=x;
    00000132 72               [ 8]  329 	ld	(hl), d
    00000133 23               [ 8]  330 	inc	hl
    00000134 73               [ 8]  331 	ld	(hl), e
                                    332 ;src/UI/ui_pointer.c:50: move_sprite(b + 3, ox + 8u, oy + 8u);  /* bot-right */
                                    333 ;src/UI/ui_pointer.c:51: }
    00000135 E8 04            [16]  334 	add	sp, #4
    00000137 E1               [12]  335 	pop	hl
    00000138 33               [ 8]  336 	inc	sp
    00000139 E9               [ 4]  337 	jp	(hl)
                                    338 ;src/UI/ui_pointer.c:53: void pointer_anim_select(UIPointer *p) {
                                    339 ;	---------------------------------
                                    340 ; Function pointer_anim_select
                                    341 ; ---------------------------------
    0000013A                        342 _pointer_anim_select::
    0000013A E8 FB            [16]  343 	add	sp, #-5
                                    344 ;src/UI/ui_pointer.c:59: uint8_t b = p->oam_base;
    0000013C 4B               [ 4]  345 	ld	c, e
    0000013D 42               [ 4]  346 	ld	b, d
    0000013E 03               [ 8]  347 	inc	bc
    0000013F 0A               [ 8]  348 	ld	a, (bc)
    00000140 F8 04            [12]  349 	ldhl	sp,	#4
    00000142 77               [ 8]  350 	ld	(hl), a
                                    351 ;src/UI/ui_pointer.c:60: uint8_t v = p->vram_base;
    00000143 1A               [ 8]  352 	ld	a, (de)
    00000144 F8 00            [12]  353 	ldhl	sp,	#0
    00000146 77               [ 8]  354 	ld	(hl), a
                                    355 ;src/UI/ui_pointer.c:63: set_sprite_tile(b + 0u, v + 4u);   /* TL — frame 1 */
    00000147 4E               [ 8]  356 	ld	c, (hl)
    00000148 0C               [ 4]  357 	inc	c
    00000149 0C               [ 4]  358 	inc	c
    0000014A 0C               [ 4]  359 	inc	c
    0000014B 0C               [ 4]  360 	inc	c
                                    361 ;/Users/apple/gbdk/include/gb/gb.h:1887: shadow_OAM[nb].tile=tile;
    0000014C F8 04            [12]  362 	ldhl	sp,	#4
    0000014E 46               [ 8]  363 	ld	b, (hl)
    0000014F AF               [ 4]  364 	xor	a, a
    00000150 CB 20            [ 8]  365 	sla	b
    00000152 8F               [ 4]  366 	adc	a, a
    00000153 CB 20            [ 8]  367 	sla	b
    00000155 8F               [ 4]  368 	adc	a, a
    00000156 F8 01            [12]  369 	ldhl	sp,	#1
    00000158 70               [ 8]  370 	ld	(hl), b
    00000159 23               [ 8]  371 	inc	hl
    0000015A 77               [ 8]  372 	ld	(hl), a
    0000015B 11r00r00         [12]  373 	ld	de, #_shadow_OAM
    0000015E 3A               [ 8]  374 	ld	a, (hl-)
    0000015F 6E               [ 8]  375 	ld	l, (hl)
    00000160 67               [ 4]  376 	ld	h, a
    00000161 19               [ 8]  377 	add	hl, de
    00000162 23               [ 8]  378 	inc	hl
    00000163 23               [ 8]  379 	inc	hl
    00000164 5D               [ 4]  380 	ld	e, l
    00000165 54               [ 4]  381 	ld	d, h
    00000166 79               [ 4]  382 	ld	a, c
    00000167 12               [ 8]  383 	ld	(de), a
                                    384 ;src/UI/ui_pointer.c:64: set_sprite_tile(b + 1u, v + 6u);   /* TR — frame 1 */
    00000168 F8 00            [12]  385 	ldhl	sp,	#0
    0000016A 7E               [ 8]  386 	ld	a, (hl)
    0000016B C6 06            [ 8]  387 	add	a, #0x06
    0000016D 4F               [ 4]  388 	ld	c, a
    0000016E F8 04            [12]  389 	ldhl	sp,	#4
    00000170 3A               [ 8]  390 	ld	a, (hl-)
    00000171 3C               [ 4]  391 	inc	a
    00000172 77               [ 8]  392 	ld	(hl), a
                                    393 ;/Users/apple/gbdk/include/gb/gb.h:1887: shadow_OAM[nb].tile=tile;
    00000173 6E               [ 8]  394 	ld	l, (hl)
    00000174 AF               [ 4]  395 	xor	a, a
    00000175 67               [ 4]  396 	ld	h, a
    00000176 29               [ 8]  397 	add	hl, hl
    00000177 29               [ 8]  398 	add	hl, hl
    00000178 11r00r00         [12]  399 	ld	de, #_shadow_OAM
    0000017B 19               [ 8]  400 	add	hl, de
    0000017C 23               [ 8]  401 	inc	hl
    0000017D 23               [ 8]  402 	inc	hl
    0000017E 71               [ 8]  403 	ld	(hl), c
                                    404 ;src/UI/ui_pointer.c:65: set_sprite_tile(b + 2u, v + 5u);   /* BL — frame 1 */
    0000017F F8 00            [12]  405 	ldhl	sp,	#0
    00000181 7E               [ 8]  406 	ld	a, (hl)
    00000182 C6 05            [ 8]  407 	add	a, #0x05
    00000184 4F               [ 4]  408 	ld	c, a
    00000185 F8 04            [12]  409 	ldhl	sp,	#4
    00000187 5E               [ 8]  410 	ld	e, (hl)
    00000188 1C               [ 4]  411 	inc	e
    00000189 1C               [ 4]  412 	inc	e
    0000018A 43               [ 4]  413 	ld	b, e
                                    414 ;/Users/apple/gbdk/include/gb/gb.h:1887: shadow_OAM[nb].tile=tile;
    0000018B AF               [ 4]  415 	xor	a, a
    0000018C 68               [ 4]  416 	ld	l, b
    0000018D 67               [ 4]  417 	ld	h, a
    0000018E 29               [ 8]  418 	add	hl, hl
    0000018F 29               [ 8]  419 	add	hl, hl
    00000190 D5               [16]  420 	push	de
    00000191 11r00r00         [12]  421 	ld	de, #_shadow_OAM
    00000194 19               [ 8]  422 	add	hl, de
    00000195 23               [ 8]  423 	inc	hl
    00000196 23               [ 8]  424 	inc	hl
    00000197 D1               [12]  425 	pop	de
    00000198 71               [ 8]  426 	ld	(hl), c
                                    427 ;src/UI/ui_pointer.c:66: set_sprite_tile(b + 3u, v + 7u);   /* BR — frame 1 */
    00000199 F8 00            [12]  428 	ldhl	sp,	#0
    0000019B 7E               [ 8]  429 	ld	a, (hl)
    0000019C C6 07            [ 8]  430 	add	a, #0x07
    0000019E 4F               [ 4]  431 	ld	c, a
    0000019F F8 04            [12]  432 	ldhl	sp,	#4
    000001A1 34               [12]  433 	inc	(hl)
    000001A2 34               [12]  434 	inc	(hl)
    000001A3 34               [12]  435 	inc	(hl)
                                    436 ;/Users/apple/gbdk/include/gb/gb.h:1887: shadow_OAM[nb].tile=tile;
    000001A4 6E               [ 8]  437 	ld	l, (hl)
    000001A5 AF               [ 4]  438 	xor	a, a
    000001A6 67               [ 4]  439 	ld	h, a
    000001A7 29               [ 8]  440 	add	hl, hl
    000001A8 29               [ 8]  441 	add	hl, hl
    000001A9 D5               [16]  442 	push	de
    000001AA 11r00r00         [12]  443 	ld	de, #_shadow_OAM
    000001AD 19               [ 8]  444 	add	hl, de
    000001AE 23               [ 8]  445 	inc	hl
    000001AF 23               [ 8]  446 	inc	hl
    000001B0 D1               [12]  447 	pop	de
    000001B1 71               [ 8]  448 	ld	(hl), c
                                    449 ;src/UI/ui_pointer.c:67: for (i = 0u; i < 10u; i++) wait_vbl_done();
    000001B2 0E 0A            [ 8]  450 	ld	c, #0x0a
    000001B4                        451 00113$:
    000001B4 CDr00r00         [24]  452 	call	_wait_vbl_done
    000001B7 0D               [ 4]  453 	dec	c
    000001B8 20 FA            [12]  454 	jr	NZ, 00113$
                                    455 ;/Users/apple/gbdk/include/gb/gb.h:1887: shadow_OAM[nb].tile=tile;
    000001BA 01r00r00         [12]  456 	ld	bc, #_shadow_OAM+0
    000001BD F8 01            [12]  457 	ldhl	sp,	#1
    000001BF 2A               [ 8]  458 	ld	a,	(hl+)
    000001C0 66               [ 8]  459 	ld	h, (hl)
    000001C1 6F               [ 4]  460 	ld	l, a
    000001C2 09               [ 8]  461 	add	hl, bc
    000001C3 23               [ 8]  462 	inc	hl
    000001C4 23               [ 8]  463 	inc	hl
    000001C5 4D               [ 4]  464 	ld	c, l
    000001C6 44               [ 4]  465 	ld	b, h
    000001C7 F8 00            [12]  466 	ldhl	sp,	#0
    000001C9 7E               [ 8]  467 	ld	a, (hl)
    000001CA 02               [ 8]  468 	ld	(bc), a
                                    469 ;src/UI/ui_pointer.c:70: set_sprite_tile(b + 1u, v + 2u);   /* TR — frame 0 */
    000001CB 4E               [ 8]  470 	ld	c, (hl)
    000001CC 0C               [ 4]  471 	inc	c
    000001CD 0C               [ 4]  472 	inc	c
                                    473 ;/Users/apple/gbdk/include/gb/gb.h:1887: shadow_OAM[nb].tile=tile;
    000001CE F8 03            [12]  474 	ldhl	sp,	#3
    000001D0 6E               [ 8]  475 	ld	l, (hl)
    000001D1 26 00            [ 8]  476 	ld	h, #0x00
    000001D3 29               [ 8]  477 	add	hl, hl
    000001D4 29               [ 8]  478 	add	hl, hl
    000001D5 D5               [16]  479 	push	de
    000001D6 11r00r00         [12]  480 	ld	de, #_shadow_OAM
    000001D9 19               [ 8]  481 	add	hl, de
    000001DA 23               [ 8]  482 	inc	hl
    000001DB 23               [ 8]  483 	inc	hl
    000001DC D1               [12]  484 	pop	de
    000001DD 71               [ 8]  485 	ld	(hl), c
                                    486 ;src/UI/ui_pointer.c:71: set_sprite_tile(b + 2u, v + 1u);   /* BL — frame 0 */
    000001DE F8 00            [12]  487 	ldhl	sp,	#0
    000001E0 4E               [ 8]  488 	ld	c, (hl)
    000001E1 0C               [ 4]  489 	inc	c
                                    490 ;/Users/apple/gbdk/include/gb/gb.h:1887: shadow_OAM[nb].tile=tile;
    000001E2 AF               [ 4]  491 	xor	a, a
    000001E3 6B               [ 4]  492 	ld	l, e
    000001E4 67               [ 4]  493 	ld	h, a
    000001E5 29               [ 8]  494 	add	hl, hl
    000001E6 29               [ 8]  495 	add	hl, hl
    000001E7 7D               [ 4]  496 	ld	a, l
    000001E8 C6r00            [ 8]  497 	add	a, #<(_shadow_OAM)
    000001EA 5F               [ 4]  498 	ld	e, a
    000001EB 7C               [ 4]  499 	ld	a, h
    000001EC CEs00            [ 8]  500 	adc	a, #>(_shadow_OAM)
    000001EE 57               [ 4]  501 	ld	d, a
    000001EF 13               [ 8]  502 	inc	de
    000001F0 13               [ 8]  503 	inc	de
    000001F1 79               [ 4]  504 	ld	a, c
    000001F2 12               [ 8]  505 	ld	(de), a
                                    506 ;src/UI/ui_pointer.c:72: set_sprite_tile(b + 3u, v + 3u);   /* BR — frame 0 */
    000001F3 F8 00            [12]  507 	ldhl	sp,	#0
    000001F5 4E               [ 8]  508 	ld	c, (hl)
    000001F6 0C               [ 4]  509 	inc	c
    000001F7 0C               [ 4]  510 	inc	c
    000001F8 0C               [ 4]  511 	inc	c
                                    512 ;/Users/apple/gbdk/include/gb/gb.h:1887: shadow_OAM[nb].tile=tile;
    000001F9 F8 04            [12]  513 	ldhl	sp,	#4
    000001FB 5E               [ 8]  514 	ld	e, (hl)
    000001FC AF               [ 4]  515 	xor	a, a
    000001FD 6B               [ 4]  516 	ld	l, e
    000001FE 67               [ 4]  517 	ld	h, a
    000001FF 29               [ 8]  518 	add	hl, hl
    00000200 29               [ 8]  519 	add	hl, hl
    00000201 11r00r00         [12]  520 	ld	de, #_shadow_OAM
    00000204 19               [ 8]  521 	add	hl, de
    00000205 23               [ 8]  522 	inc	hl
    00000206 23               [ 8]  523 	inc	hl
    00000207 71               [ 8]  524 	ld	(hl), c
                                    525 ;src/UI/ui_pointer.c:73: for (i = 0u; i < 4u; i++) wait_vbl_done();
    00000208 0E 04            [ 8]  526 	ld	c, #0x04
    0000020A                        527 00116$:
    0000020A CDr00r00         [24]  528 	call	_wait_vbl_done
    0000020D 0D               [ 4]  529 	dec	c
    0000020E 20 FA            [12]  530 	jr	NZ, 00116$
                                    531 ;src/UI/ui_pointer.c:74: }
    00000210 E8 05            [16]  532 	add	sp, #5
    00000212 C9               [16]  533 	ret
                                    534 ;src/UI/ui_pointer.c:76: void pointer_hide(UIPointer *p) {
                                    535 ;	---------------------------------
                                    536 ; Function pointer_hide
                                    537 ; ---------------------------------
    00000213                        538 _pointer_hide::
                                    539 ;src/UI/ui_pointer.c:78: uint8_t b = p->oam_base;
    00000213 13               [ 8]  540 	inc	de
    00000214 1A               [ 8]  541 	ld	a, (de)
    00000215 5F               [ 4]  542 	ld	e, a
                                    543 ;/Users/apple/gbdk/include/gb/gb.h:1973: OAM_item_t * itm = &shadow_OAM[nb];
    00000216 01r00r00         [12]  544 	ld	bc, #_shadow_OAM+0
    00000219 6B               [ 4]  545 	ld	l, e
    0000021A AF               [ 4]  546 	xor	a, a
    0000021B 67               [ 4]  547 	ld	h, a
    0000021C 29               [ 8]  548 	add	hl, hl
    0000021D 29               [ 8]  549 	add	hl, hl
    0000021E 09               [ 8]  550 	add	hl, bc
                                    551 ;/Users/apple/gbdk/include/gb/gb.h:1974: itm->y=y, itm->x=x;
    0000021F AF               [ 4]  552 	xor	a, a
    00000220 22               [ 8]  553 	ld	(hl+), a
    00000221 77               [ 8]  554 	ld	(hl), a
                                    555 ;src/UI/ui_pointer.c:80: move_sprite(b + 1, 0, 0);
    00000222 53               [ 4]  556 	ld	d, e
    00000223 14               [ 4]  557 	inc	d
                                    558 ;/Users/apple/gbdk/include/gb/gb.h:1973: OAM_item_t * itm = &shadow_OAM[nb];
    00000224 01r00r00         [12]  559 	ld	bc, #_shadow_OAM+0
    00000227 6A               [ 4]  560 	ld	l, d
    00000228 26 00            [ 8]  561 	ld	h, #0x00
    0000022A 29               [ 8]  562 	add	hl, hl
    0000022B 29               [ 8]  563 	add	hl, hl
    0000022C 09               [ 8]  564 	add	hl, bc
                                    565 ;/Users/apple/gbdk/include/gb/gb.h:1974: itm->y=y, itm->x=x;
    0000022D AF               [ 4]  566 	xor	a, a
    0000022E 22               [ 8]  567 	ld	(hl+), a
    0000022F 77               [ 8]  568 	ld	(hl), a
                                    569 ;src/UI/ui_pointer.c:81: move_sprite(b + 2, 0, 0);
    00000230 53               [ 4]  570 	ld	d, e
    00000231 14               [ 4]  571 	inc	d
    00000232 14               [ 4]  572 	inc	d
                                    573 ;/Users/apple/gbdk/include/gb/gb.h:1973: OAM_item_t * itm = &shadow_OAM[nb];
    00000233 01r00r00         [12]  574 	ld	bc, #_shadow_OAM+0
    00000236 6A               [ 4]  575 	ld	l, d
    00000237 26 00            [ 8]  576 	ld	h, #0x00
    00000239 29               [ 8]  577 	add	hl, hl
    0000023A 29               [ 8]  578 	add	hl, hl
    0000023B 09               [ 8]  579 	add	hl, bc
                                    580 ;/Users/apple/gbdk/include/gb/gb.h:1974: itm->y=y, itm->x=x;
    0000023C AF               [ 4]  581 	xor	a, a
    0000023D 22               [ 8]  582 	ld	(hl+), a
    0000023E 77               [ 8]  583 	ld	(hl), a
                                    584 ;src/UI/ui_pointer.c:82: move_sprite(b + 3, 0, 0);
    0000023F 1C               [ 4]  585 	inc	e
    00000240 1C               [ 4]  586 	inc	e
    00000241 1C               [ 4]  587 	inc	e
                                    588 ;/Users/apple/gbdk/include/gb/gb.h:1973: OAM_item_t * itm = &shadow_OAM[nb];
    00000242 01r00r00         [12]  589 	ld	bc, #_shadow_OAM+0
    00000245 AF               [ 4]  590 	xor	a, a
    00000246 6B               [ 4]  591 	ld	l, e
    00000247 67               [ 4]  592 	ld	h, a
    00000248 29               [ 8]  593 	add	hl, hl
    00000249 29               [ 8]  594 	add	hl, hl
    0000024A 09               [ 8]  595 	add	hl, bc
                                    596 ;/Users/apple/gbdk/include/gb/gb.h:1974: itm->y=y, itm->x=x;
    0000024B AF               [ 4]  597 	xor	a, a
    0000024C 22               [ 8]  598 	ld	(hl+), a
    0000024D 77               [ 8]  599 	ld	(hl), a
                                    600 ;src/UI/ui_pointer.c:82: move_sprite(b + 3, 0, 0);
                                    601 ;src/UI/ui_pointer.c:83: }
    0000024E C9               [16]  602 	ret
                                    603 	.area _CODE
                                    604 	.area _INITIALIZER
    00000000                        605 __xinit__PointerSprites:
    00000000 03                     606 	.db #0x03	; 3
    00000001 03                     607 	.db #0x03	; 3
    00000002 07                     608 	.db #0x07	; 7
    00000003 04                     609 	.db #0x04	; 4
    00000004 0F                     610 	.db #0x0f	; 15
    00000005 0D                     611 	.db #0x0d	; 13
    00000006 1F                     612 	.db #0x1f	; 31
    00000007 10                     613 	.db #0x10	; 16
    00000008 7F                     614 	.db #0x7f	; 127
    00000009 70                     615 	.db #0x70	; 112	'p'
    0000000A 6F                     616 	.db #0x6f	; 111	'o'
    0000000B 50                     617 	.db #0x50	; 80	'P'
    0000000C 7F                     618 	.db #0x7f	; 127
    0000000D 40                     619 	.db #0x40	; 64
    0000000E 6F                     620 	.db #0x6f	; 111	'o'
    0000000F 50                     621 	.db #0x50	; 80	'P'
    00000010 6F                     622 	.db #0x6f	; 111	'o'
    00000011 50                     623 	.db #0x50	; 80	'P'
    00000012 48                     624 	.db #0x48	; 72	'H'
    00000013 7F                     625 	.db #0x7f	; 127
    00000014 76                     626 	.db #0x76	; 118	'v'
    00000015 77                     627 	.db #0x77	; 119	'w'
    00000016 03                     628 	.db #0x03	; 3
    00000017 03                     629 	.db #0x03	; 3
    00000018 00                     630 	.db #0x00	; 0
    00000019 00                     631 	.db #0x00	; 0
    0000001A 0F                     632 	.db #0x0f	; 15
    0000001B 0F                     633 	.db #0x0f	; 15
    0000001C 1F                     634 	.db #0x1f	; 31
    0000001D 1F                     635 	.db #0x1f	; 31
    0000001E 0F                     636 	.db #0x0f	; 15
    0000001F 0F                     637 	.db #0x0f	; 15
    00000020 80                     638 	.db #0x80	; 128
    00000021 80                     639 	.db #0x80	; 128
    00000022 C0                     640 	.db #0xc0	; 192
    00000023 40                     641 	.db #0x40	; 64
    00000024 FE                     642 	.db #0xfe	; 254
    00000025 FE                     643 	.db #0xfe	; 254
    00000026 FF                     644 	.db #0xff	; 255
    00000027 01                     645 	.db #0x01	; 1
    00000028 FF                     646 	.db #0xff	; 255
    00000029 01                     647 	.db #0x01	; 1
    0000002A C3                     648 	.db #0xc3	; 195
    0000002B 3F                     649 	.db #0x3f	; 63
    0000002C DC                     650 	.db #0xdc	; 220
    0000002D 3C                     651 	.db #0x3c	; 60
    0000002E A0                     652 	.db #0xa0	; 160
    0000002F 60                     653 	.db #0x60	; 96
    00000030 60                     654 	.db #0x60	; 96
    00000031 E0                     655 	.db #0xe0	; 224
    00000032 40                     656 	.db #0x40	; 64
    00000033 C0                     657 	.db #0xc0	; 192
    00000034 C0                     658 	.db #0xc0	; 192
    00000035 C0                     659 	.db #0xc0	; 192
    00000036 80                     660 	.db #0x80	; 128
    00000037 80                     661 	.db #0x80	; 128
    00000038 00                     662 	.db #0x00	; 0
    00000039 00                     663 	.db #0x00	; 0
    0000003A E0                     664 	.db #0xe0	; 224
    0000003B E0                     665 	.db #0xe0	; 224
    0000003C F0                     666 	.db #0xf0	; 240
    0000003D F0                     667 	.db #0xf0	; 240
    0000003E E0                     668 	.db #0xe0	; 224
    0000003F E0                     669 	.db #0xe0	; 224
    00000040 03                     670 	.db #0x03	; 3
    00000041 03                     671 	.db #0x03	; 3
    00000042 07                     672 	.db #0x07	; 7
    00000043 04                     673 	.db #0x04	; 4
    00000044 0F                     674 	.db #0x0f	; 15
    00000045 0D                     675 	.db #0x0d	; 13
    00000046 1F                     676 	.db #0x1f	; 31
    00000047 10                     677 	.db #0x10	; 16
    00000048 7F                     678 	.db #0x7f	; 127
    00000049 70                     679 	.db #0x70	; 112	'p'
    0000004A 6F                     680 	.db #0x6f	; 111	'o'
    0000004B 50                     681 	.db #0x50	; 80	'P'
    0000004C 7F                     682 	.db #0x7f	; 127
    0000004D 40                     683 	.db #0x40	; 64
    0000004E 6F                     684 	.db #0x6f	; 111	'o'
    0000004F 50                     685 	.db #0x50	; 80	'P'
    00000050 6F                     686 	.db #0x6f	; 111	'o'
    00000051 50                     687 	.db #0x50	; 80	'P'
    00000052 48                     688 	.db #0x48	; 72	'H'
    00000053 7F                     689 	.db #0x7f	; 127
    00000054 76                     690 	.db #0x76	; 118	'v'
    00000055 77                     691 	.db #0x77	; 119	'w'
    00000056 03                     692 	.db #0x03	; 3
    00000057 03                     693 	.db #0x03	; 3
    00000058 00                     694 	.db #0x00	; 0
    00000059 00                     695 	.db #0x00	; 0
    0000005A 0F                     696 	.db #0x0f	; 15
    0000005B 0F                     697 	.db #0x0f	; 15
    0000005C 1F                     698 	.db #0x1f	; 31
    0000005D 1F                     699 	.db #0x1f	; 31
    0000005E 0F                     700 	.db #0x0f	; 15
    0000005F 0F                     701 	.db #0x0f	; 15
    00000060 80                     702 	.db #0x80	; 128
    00000061 80                     703 	.db #0x80	; 128
    00000062 C0                     704 	.db #0xc0	; 192
    00000063 40                     705 	.db #0x40	; 64
    00000064 F8                     706 	.db #0xf8	; 248
    00000065 F8                     707 	.db #0xf8	; 248
    00000066 E4                     708 	.db #0xe4	; 228
    00000067 1C                     709 	.db #0x1c	; 28
    00000068 E4                     710 	.db #0xe4	; 228
    00000069 1C                     711 	.db #0x1c	; 28
    0000006A E4                     712 	.db #0xe4	; 228
    0000006B 1C                     713 	.db #0x1c	; 28
    0000006C D8                     714 	.db #0xd8	; 216
    0000006D 38                     715 	.db #0x38	; 56	'8'
    0000006E A0                     716 	.db #0xa0	; 160
    0000006F 60                     717 	.db #0x60	; 96
    00000070 60                     718 	.db #0x60	; 96
    00000071 E0                     719 	.db #0xe0	; 224
    00000072 40                     720 	.db #0x40	; 64
    00000073 C0                     721 	.db #0xc0	; 192
    00000074 C0                     722 	.db #0xc0	; 192
    00000075 C0                     723 	.db #0xc0	; 192
    00000076 80                     724 	.db #0x80	; 128
    00000077 80                     725 	.db #0x80	; 128
    00000078 00                     726 	.db #0x00	; 0
    00000079 00                     727 	.db #0x00	; 0
    0000007A E0                     728 	.db #0xe0	; 224
    0000007B E0                     729 	.db #0xe0	; 224
    0000007C F0                     730 	.db #0xf0	; 240
    0000007D F0                     731 	.db #0xf0	; 240
    0000007E E0                     732 	.db #0xe0	; 224
    0000007F E0                     733 	.db #0xe0	; 224
                                    734 	.area _CABS (ABS)
