                                      1 ;--------------------------------------------------------
                                      2 ; File Created by SDCC : free open source ISO C Compiler
                                      3 ; Version 4.5.1 #15267 (Mac OS X ppc)
                                      4 ;--------------------------------------------------------
                                      5 	.module ui_text
                                      6 	
                                      7 ;--------------------------------------------------------
                                      8 ; Public variables in this module
                                      9 ;--------------------------------------------------------
                                     10 	.globl _set_win_tiles
                                     11 	.globl _Selector
                                     12 	.globl _UI_Tiles
                                     13 	.globl _ui_print
                                     14 	.globl _ui_print_uint8
                                     15 ;--------------------------------------------------------
                                     16 ; special function registers
                                     17 ;--------------------------------------------------------
                                     18 	.area _HRAM
                                     19 ;--------------------------------------------------------
                                     20 ; ram data
                                     21 ;--------------------------------------------------------
                                     22 	.area _DATA
                                     23 ;--------------------------------------------------------
                                     24 ; ram data
                                     25 ;--------------------------------------------------------
                                     26 	.area _INITIALIZED
    00000000                         27 _UI_Tiles::
    00000000                         28 	.ds 128
    00000080                         29 _Selector::
    00000080                         30 	.ds 48
                                     31 ;--------------------------------------------------------
                                     32 ; absolute external ram data
                                     33 ;--------------------------------------------------------
                                     34 	.area _DABS (ABS)
                                     35 ;--------------------------------------------------------
                                     36 ; global & static initialisations
                                     37 ;--------------------------------------------------------
                                     38 	.area _HOME
                                     39 	.area _GSINIT
                                     40 	.area _GSFINAL
                                     41 	.area _GSINIT
                                     42 ;--------------------------------------------------------
                                     43 ; Home
                                     44 ;--------------------------------------------------------
                                     45 	.area _HOME
                                     46 	.area _HOME
                                     47 ;--------------------------------------------------------
                                     48 ; code
                                     49 ;--------------------------------------------------------
                                     50 	.area _CODE
                                     51 ;src/UI/ui_text.c:7: static uint8_t char_to_tile(char ch) {
                                     52 ;	---------------------------------
                                     53 ; Function char_to_tile
                                     54 ; ---------------------------------
    00000000                         55 _char_to_tile:
                                     56 ;src/UI/ui_text.c:8: if (ch >= '0' && ch <= '9') return (uint8_t)(1  + (ch - '0'));
    00000000 4F               [ 4]   57 	ld	c, a
    00000001 EE 80            [ 8]   58 	xor	a, #0x80
    00000003 D6 B0            [ 8]   59 	sub	a, #0xb0
    00000005 38 1B            [12]   60 	jr	C, 00102$
    00000007 59               [ 4]   61 	ld	e, c
    00000008 3E 39            [ 8]   62 	ld	a,#0x39
    0000000A 57               [ 4]   63 	ld	d,a
    0000000B 91               [ 4]   64 	sub	a, c
    0000000C CB 7B            [ 8]   65 	bit	7, e
    0000000E 28 07            [12]   66 	jr	Z, 00154$
    00000010 CB 7A            [ 8]   67 	bit	7, d
    00000012 20 08            [12]   68 	jr	NZ, 00155$
    00000014 BF               [ 4]   69 	cp	a, a
    00000015 18 05            [12]   70 	jr	00155$
    00000017                         71 00154$:
    00000017 CB 7A            [ 8]   72 	bit	7, d
    00000019 28 01            [12]   73 	jr	Z, 00155$
    0000001B 37               [ 4]   74 	scf
    0000001C                         75 00155$:
    0000001C 38 04            [12]   76 	jr	C, 00102$
    0000001E 79               [ 4]   77 	ld	a, c
    0000001F C6 D1            [ 8]   78 	add	a, #0xd1
    00000021 C9               [16]   79 	ret
    00000022                         80 00102$:
                                     81 ;src/UI/ui_text.c:9: if (ch >= 'A' && ch <= 'Z') return (uint8_t)(11 + (ch - 'A'));
    00000022 79               [ 4]   82 	ld	a, c
    00000023 EE 80            [ 8]   83 	xor	a, #0x80
    00000025 D6 C1            [ 8]   84 	sub	a, #0xc1
    00000027 38 1B            [12]   85 	jr	C, 00105$
    00000029 59               [ 4]   86 	ld	e, c
    0000002A 3E 5A            [ 8]   87 	ld	a,#0x5a
    0000002C 57               [ 4]   88 	ld	d,a
    0000002D 91               [ 4]   89 	sub	a, c
    0000002E CB 7B            [ 8]   90 	bit	7, e
    00000030 28 07            [12]   91 	jr	Z, 00156$
    00000032 CB 7A            [ 8]   92 	bit	7, d
    00000034 20 08            [12]   93 	jr	NZ, 00157$
    00000036 BF               [ 4]   94 	cp	a, a
    00000037 18 05            [12]   95 	jr	00157$
    00000039                         96 00156$:
    00000039 CB 7A            [ 8]   97 	bit	7, d
    0000003B 28 01            [12]   98 	jr	Z, 00157$
    0000003D 37               [ 4]   99 	scf
    0000003E                        100 00157$:
    0000003E 38 04            [12]  101 	jr	C, 00105$
    00000040 79               [ 4]  102 	ld	a, c
    00000041 C6 CA            [ 8]  103 	add	a, #0xca
    00000043 C9               [16]  104 	ret
    00000044                        105 00105$:
                                    106 ;src/UI/ui_text.c:10: if (ch >= 'a' && ch <= 'z') return (uint8_t)(11 + (ch - 'a'));
    00000044 79               [ 4]  107 	ld	a, c
    00000045 EE 80            [ 8]  108 	xor	a, #0x80
    00000047 D6 E1            [ 8]  109 	sub	a, #0xe1
    00000049 38 1B            [12]  110 	jr	C, 00108$
    0000004B 59               [ 4]  111 	ld	e, c
    0000004C 3E 7A            [ 8]  112 	ld	a,#0x7a
    0000004E 57               [ 4]  113 	ld	d,a
    0000004F 91               [ 4]  114 	sub	a, c
    00000050 CB 7B            [ 8]  115 	bit	7, e
    00000052 28 07            [12]  116 	jr	Z, 00158$
    00000054 CB 7A            [ 8]  117 	bit	7, d
    00000056 20 08            [12]  118 	jr	NZ, 00159$
    00000058 BF               [ 4]  119 	cp	a, a
    00000059 18 05            [12]  120 	jr	00159$
    0000005B                        121 00158$:
    0000005B CB 7A            [ 8]  122 	bit	7, d
    0000005D 28 01            [12]  123 	jr	Z, 00159$
    0000005F 37               [ 4]  124 	scf
    00000060                        125 00159$:
    00000060 38 04            [12]  126 	jr	C, 00108$
    00000062 79               [ 4]  127 	ld	a, c
    00000063 C6 AA            [ 8]  128 	add	a, #0xaa
    00000065 C9               [16]  129 	ret
    00000066                        130 00108$:
                                    131 ;src/UI/ui_text.c:11: return 0;
    00000066 AF               [ 4]  132 	xor	a, a
                                    133 ;src/UI/ui_text.c:12: }
    00000067 C9               [16]  134 	ret
                                    135 ;src/UI/ui_text.c:14: void ui_print(uint8_t win_x, uint8_t win_y, const char *str) {
                                    136 ;	---------------------------------
                                    137 ; Function ui_print
                                    138 ; ---------------------------------
    00000068                        139 _ui_print::
    00000068 3B               [ 8]  140 	dec	sp
    00000069 57               [ 4]  141 	ld	d, a
                                    142 ;src/UI/ui_text.c:16: while (*str) {
    0000006A F8 03            [12]  143 	ldhl	sp,	#3
    0000006C 2A               [ 8]  144 	ld	a, (hl+)
    0000006D 4F               [ 4]  145 	ld	c, a
    0000006E 46               [ 8]  146 	ld	b, (hl)
    0000006F                        147 00101$:
    0000006F 0A               [ 8]  148 	ld	a, (bc)
    00000070 B7               [ 4]  149 	or	a, a
    00000071 28 28            [12]  150 	jr	Z, 00104$
                                    151 ;src/UI/ui_text.c:17: tile = char_to_tile(*str++);
    00000073 03               [ 8]  152 	inc	bc
    00000074 C5               [16]  153 	push	bc
    00000075 D5               [16]  154 	push	de
    00000076 CDr00r00         [24]  155 	call	_char_to_tile
    00000079 D1               [12]  156 	pop	de
    0000007A C1               [12]  157 	pop	bc
    0000007B F8 00            [12]  158 	ldhl	sp,	#0
    0000007D 77               [ 8]  159 	ld	(hl), a
                                    160 ;src/UI/ui_text.c:18: set_win_tiles(win_x++, win_y, 1, 1, &tile);
    0000007E 7A               [ 4]  161 	ld	a, d
    0000007F 14               [ 4]  162 	inc	d
    00000080 D5               [16]  163 	push	de
    00000081 21 02 00         [12]  164 	ld	hl, #2
    00000084 39               [ 8]  165 	add	hl, sp
    00000085 E5               [16]  166 	push	hl
    00000086 26 01            [ 8]  167 	ld	h, #0x01
    00000088 E5               [16]  168 	push	hl
    00000089 33               [ 8]  169 	inc	sp
    0000008A 26 01            [ 8]  170 	ld	h, #0x01
    0000008C E5               [16]  171 	push	hl
    0000008D 33               [ 8]  172 	inc	sp
    0000008E 63               [ 4]  173 	ld	h, e
    0000008F E5               [16]  174 	push	hl
    00000090 33               [ 8]  175 	inc	sp
    00000091 F5               [16]  176 	push	af
    00000092 33               [ 8]  177 	inc	sp
    00000093 CDr00r00         [24]  178 	call	_set_win_tiles
    00000096 E8 06            [16]  179 	add	sp, #6
    00000098 D1               [12]  180 	pop	de
    00000099 18 D4            [12]  181 	jr	00101$
    0000009B                        182 00104$:
                                    183 ;src/UI/ui_text.c:20: }
    0000009B 33               [ 8]  184 	inc	sp
    0000009C E1               [12]  185 	pop	hl
    0000009D F1               [12]  186 	pop	af
    0000009E E9               [ 4]  187 	jp	(hl)
                                    188 ;src/UI/ui_text.c:22: void ui_print_uint8(uint8_t win_x, uint8_t win_y, uint8_t value) {
                                    189 ;	---------------------------------
                                    190 ; Function ui_print_uint8
                                    191 ; ---------------------------------
    0000009F                        192 _ui_print_uint8::
    0000009F E8 FC            [16]  193 	add	sp, #-4
    000000A1 47               [ 4]  194 	ld	b, a
    000000A2 F8 03            [12]  195 	ldhl	sp,	#3
    000000A4 73               [ 8]  196 	ld	(hl), e
                                    197 ;src/UI/ui_text.c:23: uint8_t hundreds = value / 100;
    000000A5 F8 06            [12]  198 	ldhl	sp,	#6
    000000A7 4E               [ 8]  199 	ld	c, (hl)
    000000A8 C5               [16]  200 	push	bc
    000000A9 1E 64            [ 8]  201 	ld	e, #0x64
    000000AB 79               [ 4]  202 	ld	a, c
    000000AC CDr00r00         [24]  203 	call	__divuchar
    000000AF 79               [ 4]  204 	ld	a, c
    000000B0 C1               [12]  205 	pop	bc
    000000B1 F8 01            [12]  206 	ldhl	sp,	#1
    000000B3 77               [ 8]  207 	ld	(hl), a
                                    208 ;src/UI/ui_text.c:24: uint8_t tens     = (value % 100) / 10;
    000000B4 C5               [16]  209 	push	bc
    000000B5 1E 64            [ 8]  210 	ld	e, #0x64
    000000B7 79               [ 4]  211 	ld	a, c
    000000B8 CDr00r00         [24]  212 	call	__moduchar
    000000BB 79               [ 4]  213 	ld	a, c
    000000BC 1E 0A            [ 8]  214 	ld	e, #0x0a
    000000BE CDr00r00         [24]  215 	call	__divuchar
    000000C1 79               [ 4]  216 	ld	a, c
    000000C2 C1               [12]  217 	pop	bc
    000000C3 F8 02            [12]  218 	ldhl	sp,	#2
    000000C5 77               [ 8]  219 	ld	(hl), a
                                    220 ;src/UI/ui_text.c:25: uint8_t ones     = value % 10;
    000000C6 C5               [16]  221 	push	bc
    000000C7 1E 0A            [ 8]  222 	ld	e, #0x0a
    000000C9 79               [ 4]  223 	ld	a, c
    000000CA CDr00r00         [24]  224 	call	__moduchar
    000000CD F1               [12]  225 	pop	af
    000000CE 47               [ 4]  226 	ld	b, a
                                    227 ;src/UI/ui_text.c:28: if (hundreds > 0) {
    000000CF F8 01            [12]  228 	ldhl	sp,	#1
    000000D1 7E               [ 8]  229 	ld	a, (hl)
    000000D2 B7               [ 4]  230 	or	a, a
    000000D3 28 24            [12]  231 	jr	Z, 00102$
                                    232 ;src/UI/ui_text.c:29: tile = char_to_tile('0' + hundreds);
    000000D5 7E               [ 8]  233 	ld	a, (hl)
    000000D6 C6 30            [ 8]  234 	add	a, #0x30
    000000D8 C5               [16]  235 	push	bc
    000000D9 CDr00r00         [24]  236 	call	_char_to_tile
    000000DC C1               [12]  237 	pop	bc
                                    238 ;src/UI/ui_text.c:30: set_win_tiles(win_x++, win_y, 1, 1, &tile);
    000000DD F8 00            [12]  239 	ldhl	sp,#0
    000000DF 77               [ 8]  240 	ld	(hl), a
    000000E0 5D               [ 4]  241 	ld	e, l
    000000E1 54               [ 4]  242 	ld	d, h
    000000E2 78               [ 4]  243 	ld	a, b
    000000E3 04               [ 4]  244 	inc	b
    000000E4 D5               [16]  245 	push	de
    000000E5 26 01            [ 8]  246 	ld	h, #0x01
    000000E7 E5               [16]  247 	push	hl
    000000E8 33               [ 8]  248 	inc	sp
    000000E9 26 01            [ 8]  249 	ld	h, #0x01
    000000EB E5               [16]  250 	push	hl
    000000EC 33               [ 8]  251 	inc	sp
    000000ED F8 07            [12]  252 	ldhl	sp,	#7
    000000EF 66               [ 8]  253 	ld	h, (hl)
    000000F0 E5               [16]  254 	push	hl
    000000F1 33               [ 8]  255 	inc	sp
    000000F2 F5               [16]  256 	push	af
    000000F3 33               [ 8]  257 	inc	sp
    000000F4 CDr00r00         [24]  258 	call	_set_win_tiles
    000000F7 E8 06            [16]  259 	add	sp, #6
    000000F9                        260 00102$:
                                    261 ;src/UI/ui_text.c:32: if (hundreds > 0 || tens > 0) {
    000000F9 F8 01            [12]  262 	ldhl	sp,	#1
    000000FB 7E               [ 8]  263 	ld	a, (hl)
    000000FC B7               [ 4]  264 	or	a, a
    000000FD 20 05            [12]  265 	jr	NZ, 00103$
    000000FF 23               [ 8]  266 	inc	hl
    00000100 7E               [ 8]  267 	ld	a, (hl)
    00000101 B7               [ 4]  268 	or	a, a
    00000102 28 26            [12]  269 	jr	Z, 00104$
    00000104                        270 00103$:
                                    271 ;src/UI/ui_text.c:33: tile = char_to_tile('0' + tens);
    00000104 F8 02            [12]  272 	ldhl	sp,	#2
    00000106 7E               [ 8]  273 	ld	a, (hl)
    00000107 C6 30            [ 8]  274 	add	a, #0x30
    00000109 C5               [16]  275 	push	bc
    0000010A CDr00r00         [24]  276 	call	_char_to_tile
    0000010D C1               [12]  277 	pop	bc
                                    278 ;src/UI/ui_text.c:34: set_win_tiles(win_x++, win_y, 1, 1, &tile);
    0000010E F8 00            [12]  279 	ldhl	sp,#0
    00000110 77               [ 8]  280 	ld	(hl), a
    00000111 5D               [ 4]  281 	ld	e, l
    00000112 54               [ 4]  282 	ld	d, h
    00000113 78               [ 4]  283 	ld	a, b
    00000114 04               [ 4]  284 	inc	b
    00000115 D5               [16]  285 	push	de
    00000116 26 01            [ 8]  286 	ld	h, #0x01
    00000118 E5               [16]  287 	push	hl
    00000119 33               [ 8]  288 	inc	sp
    0000011A 26 01            [ 8]  289 	ld	h, #0x01
    0000011C E5               [16]  290 	push	hl
    0000011D 33               [ 8]  291 	inc	sp
    0000011E F8 07            [12]  292 	ldhl	sp,	#7
    00000120 66               [ 8]  293 	ld	h, (hl)
    00000121 E5               [16]  294 	push	hl
    00000122 33               [ 8]  295 	inc	sp
    00000123 F5               [16]  296 	push	af
    00000124 33               [ 8]  297 	inc	sp
    00000125 CDr00r00         [24]  298 	call	_set_win_tiles
    00000128 E8 06            [16]  299 	add	sp, #6
    0000012A                        300 00104$:
                                    301 ;src/UI/ui_text.c:36: tile = char_to_tile('0' + ones);
    0000012A 79               [ 4]  302 	ld	a, c
    0000012B C6 30            [ 8]  303 	add	a, #0x30
    0000012D C5               [16]  304 	push	bc
    0000012E CDr00r00         [24]  305 	call	_char_to_tile
    00000131 C1               [12]  306 	pop	bc
                                    307 ;src/UI/ui_text.c:37: set_win_tiles(win_x, win_y, 1, 1, &tile);
    00000132 F8 00            [12]  308 	ldhl	sp,#0
    00000134 77               [ 8]  309 	ld	(hl), a
    00000135 E5               [16]  310 	push	hl
    00000136 21 01 01         [12]  311 	ld	hl, #0x101
    00000139 E5               [16]  312 	push	hl
    0000013A F8 07            [12]  313 	ldhl	sp,	#7
    0000013C 7E               [ 8]  314 	ld	a, (hl)
    0000013D F5               [16]  315 	push	af
    0000013E 33               [ 8]  316 	inc	sp
    0000013F C5               [16]  317 	push	bc
    00000140 33               [ 8]  318 	inc	sp
    00000141 CDr00r00         [24]  319 	call	_set_win_tiles
    00000144 E8 06            [16]  320 	add	sp, #6
                                    321 ;src/UI/ui_text.c:38: }
    00000146 E8 04            [16]  322 	add	sp, #4
    00000148 E1               [12]  323 	pop	hl
    00000149 33               [ 8]  324 	inc	sp
    0000014A E9               [ 4]  325 	jp	(hl)
                                    326 	.area _CODE
                                    327 	.area _INITIALIZER
    00000000                        328 __xinit__UI_Tiles:
    00000000 1F                     329 	.db #0x1f	; 31
    00000001 1F                     330 	.db #0x1f	; 31
    00000002 3F                     331 	.db #0x3f	; 63
    00000003 20                     332 	.db #0x20	; 32
    00000004 70                     333 	.db #0x70	; 112	'p'
    00000005 40                     334 	.db #0x40	; 64
    00000006 E0                     335 	.db #0xe0	; 224
    00000007 87                     336 	.db #0x87	; 135
    00000008 C3                     337 	.db #0xc3	; 195
    00000009 8F                     338 	.db #0x8f	; 143
    0000000A C4                     339 	.db #0xc4	; 196
    0000000B 9C                     340 	.db #0x9c	; 156
    0000000C C8                     341 	.db #0xc8	; 200
    0000000D 98                     342 	.db #0x98	; 152
    0000000E C8                     343 	.db #0xc8	; 200
    0000000F 98                     344 	.db #0x98	; 152
    00000010 FF                     345 	.db #0xff	; 255
    00000011 FF                     346 	.db #0xff	; 255
    00000012 FF                     347 	.db #0xff	; 255
    00000013 00                     348 	.db #0x00	; 0
    00000014 00                     349 	.db #0x00	; 0
    00000015 00                     350 	.db #0x00	; 0
    00000016 00                     351 	.db #0x00	; 0
    00000017 FF                     352 	.db #0xff	; 255
    00000018 FF                     353 	.db #0xff	; 255
    00000019 FF                     354 	.db #0xff	; 255
    0000001A 00                     355 	.db #0x00	; 0
    0000001B 00                     356 	.db #0x00	; 0
    0000001C 00                     357 	.db #0x00	; 0
    0000001D 00                     358 	.db #0x00	; 0
    0000001E 00                     359 	.db #0x00	; 0
    0000001F 00                     360 	.db #0x00	; 0
    00000020 F8                     361 	.db #0xf8	; 248
    00000021 F8                     362 	.db #0xf8	; 248
    00000022 FC                     363 	.db #0xfc	; 252
    00000023 04                     364 	.db #0x04	; 4
    00000024 0E                     365 	.db #0x0e	; 14
    00000025 02                     366 	.db #0x02	; 2
    00000026 07                     367 	.db #0x07	; 7
    00000027 E1                     368 	.db #0xe1	; 225
    00000028 C3                     369 	.db #0xc3	; 195
    00000029 F1                     370 	.db #0xf1	; 241
    0000002A 23                     371 	.db #0x23	; 35
    0000002B 39                     372 	.db #0x39	; 57	'9'
    0000002C 13                     373 	.db #0x13	; 19
    0000002D 19                     374 	.db #0x19	; 25
    0000002E 13                     375 	.db #0x13	; 19
    0000002F 19                     376 	.db #0x19	; 25
    00000030 13                     377 	.db #0x13	; 19
    00000031 19                     378 	.db #0x19	; 25
    00000032 13                     379 	.db #0x13	; 19
    00000033 19                     380 	.db #0x19	; 25
    00000034 13                     381 	.db #0x13	; 19
    00000035 19                     382 	.db #0x19	; 25
    00000036 13                     383 	.db #0x13	; 19
    00000037 19                     384 	.db #0x19	; 25
    00000038 13                     385 	.db #0x13	; 19
    00000039 19                     386 	.db #0x19	; 25
    0000003A 13                     387 	.db #0x13	; 19
    0000003B 19                     388 	.db #0x19	; 25
    0000003C 13                     389 	.db #0x13	; 19
    0000003D 19                     390 	.db #0x19	; 25
    0000003E 13                     391 	.db #0x13	; 19
    0000003F 19                     392 	.db #0x19	; 25
    00000040 C8                     393 	.db #0xc8	; 200
    00000041 98                     394 	.db #0x98	; 152
    00000042 C8                     395 	.db #0xc8	; 200
    00000043 98                     396 	.db #0x98	; 152
    00000044 C8                     397 	.db #0xc8	; 200
    00000045 98                     398 	.db #0x98	; 152
    00000046 C8                     399 	.db #0xc8	; 200
    00000047 98                     400 	.db #0x98	; 152
    00000048 C8                     401 	.db #0xc8	; 200
    00000049 98                     402 	.db #0x98	; 152
    0000004A C8                     403 	.db #0xc8	; 200
    0000004B 98                     404 	.db #0x98	; 152
    0000004C C8                     405 	.db #0xc8	; 200
    0000004D 98                     406 	.db #0x98	; 152
    0000004E C8                     407 	.db #0xc8	; 200
    0000004F 98                     408 	.db #0x98	; 152
    00000050 13                     409 	.db #0x13	; 19
    00000051 19                     410 	.db #0x19	; 25
    00000052 13                     411 	.db #0x13	; 19
    00000053 19                     412 	.db #0x19	; 25
    00000054 23                     413 	.db #0x23	; 35
    00000055 39                     414 	.db #0x39	; 57	'9'
    00000056 C3                     415 	.db #0xc3	; 195
    00000057 F1                     416 	.db #0xf1	; 241
    00000058 07                     417 	.db #0x07	; 7
    00000059 E1                     418 	.db #0xe1	; 225
    0000005A 0E                     419 	.db #0x0e	; 14
    0000005B 02                     420 	.db #0x02	; 2
    0000005C FC                     421 	.db #0xfc	; 252
    0000005D 04                     422 	.db #0x04	; 4
    0000005E F8                     423 	.db #0xf8	; 248
    0000005F F8                     424 	.db #0xf8	; 248
    00000060 00                     425 	.db #0x00	; 0
    00000061 00                     426 	.db #0x00	; 0
    00000062 00                     427 	.db #0x00	; 0
    00000063 00                     428 	.db #0x00	; 0
    00000064 00                     429 	.db #0x00	; 0
    00000065 00                     430 	.db #0x00	; 0
    00000066 FF                     431 	.db #0xff	; 255
    00000067 FF                     432 	.db #0xff	; 255
    00000068 00                     433 	.db #0x00	; 0
    00000069 FF                     434 	.db #0xff	; 255
    0000006A 00                     435 	.db #0x00	; 0
    0000006B 00                     436 	.db #0x00	; 0
    0000006C FF                     437 	.db #0xff	; 255
    0000006D 00                     438 	.db #0x00	; 0
    0000006E FF                     439 	.db #0xff	; 255
    0000006F FF                     440 	.db #0xff	; 255
    00000070 C8                     441 	.db #0xc8	; 200
    00000071 98                     442 	.db #0x98	; 152
    00000072 C8                     443 	.db #0xc8	; 200
    00000073 98                     444 	.db #0x98	; 152
    00000074 C4                     445 	.db #0xc4	; 196
    00000075 9C                     446 	.db #0x9c	; 156
    00000076 C3                     447 	.db #0xc3	; 195
    00000077 8F                     448 	.db #0x8f	; 143
    00000078 E0                     449 	.db #0xe0	; 224
    00000079 87                     450 	.db #0x87	; 135
    0000007A 70                     451 	.db #0x70	; 112	'p'
    0000007B 40                     452 	.db #0x40	; 64
    0000007C 3F                     453 	.db #0x3f	; 63
    0000007D 20                     454 	.db #0x20	; 32
    0000007E 1F                     455 	.db #0x1f	; 31
    0000007F 1F                     456 	.db #0x1f	; 31
    00000080                        457 __xinit__Selector:
    00000080 FF                     458 	.db #0xff	; 255
    00000081 00                     459 	.db #0x00	; 0
    00000082 81                     460 	.db #0x81	; 129
    00000083 00                     461 	.db #0x00	; 0
    00000084 81                     462 	.db #0x81	; 129
    00000085 00                     463 	.db #0x00	; 0
    00000086 81                     464 	.db #0x81	; 129
    00000087 00                     465 	.db #0x00	; 0
    00000088 81                     466 	.db #0x81	; 129
    00000089 00                     467 	.db #0x00	; 0
    0000008A 81                     468 	.db #0x81	; 129
    0000008B 00                     469 	.db #0x00	; 0
    0000008C 81                     470 	.db #0x81	; 129
    0000008D 00                     471 	.db #0x00	; 0
    0000008E FF                     472 	.db #0xff	; 255
    0000008F 00                     473 	.db #0x00	; 0
    00000090 FF                     474 	.db #0xff	; 255
    00000091 FF                     475 	.db #0xff	; 255
    00000092 FF                     476 	.db #0xff	; 255
    00000093 FF                     477 	.db #0xff	; 255
    00000094 FF                     478 	.db #0xff	; 255
    00000095 FF                     479 	.db #0xff	; 255
    00000096 FF                     480 	.db #0xff	; 255
    00000097 FF                     481 	.db #0xff	; 255
    00000098 FF                     482 	.db #0xff	; 255
    00000099 FF                     483 	.db #0xff	; 255
    0000009A FF                     484 	.db #0xff	; 255
    0000009B FF                     485 	.db #0xff	; 255
    0000009C FF                     486 	.db #0xff	; 255
    0000009D FF                     487 	.db #0xff	; 255
    0000009E FF                     488 	.db #0xff	; 255
    0000009F FF                     489 	.db #0xff	; 255
    000000A0 00                     490 	.db #0x00	; 0
    000000A1 00                     491 	.db #0x00	; 0
    000000A2 00                     492 	.db #0x00	; 0
    000000A3 00                     493 	.db #0x00	; 0
    000000A4 00                     494 	.db #0x00	; 0
    000000A5 00                     495 	.db #0x00	; 0
    000000A6 00                     496 	.db #0x00	; 0
    000000A7 00                     497 	.db #0x00	; 0
    000000A8 00                     498 	.db #0x00	; 0
    000000A9 00                     499 	.db #0x00	; 0
    000000AA 00                     500 	.db #0x00	; 0
    000000AB 00                     501 	.db #0x00	; 0
    000000AC 00                     502 	.db #0x00	; 0
    000000AD 00                     503 	.db #0x00	; 0
    000000AE 00                     504 	.db #0x00	; 0
    000000AF 00                     505 	.db #0x00	; 0
                                    506 	.area _CABS (ABS)
