                                      1 ;-------------------------------------------------------------------------------
                                      2 ;
                                      3 ; GBT Player v2.1.3
                                      4 ;
                                      5 ; SPDX-License-Identifier: MIT
                                      6 ;
                                      7 ; Copyright (c) 2009-2020, Antonio Niño Díaz
                                      8 ;
                                      9 ;-------------------------------------------------------------------------------
                                     10 
                         0000FF10    11 	.NR10 = 0xFF10
                         0000FF11    12 	.NR11 = 0xFF11
                         0000FF12    13 	.NR12 = 0xFF12
                         0000FF13    14 	.NR13 = 0xFF13
                         0000FF14    15 	.NR14 = 0xFF14
                         0000FF16    16 	.NR21 = 0xFF16
                         0000FF17    17 	.NR22 = 0xFF17
                         0000FF18    18 	.NR23 = 0xFF18
                         0000FF19    19 	.NR24 = 0xFF19
                         0000FF1A    20 	.NR30 = 0xFF1A
                         0000FF1B    21 	.NR31 = 0xFF1B
                         0000FF1C    22 	.NR32 = 0xFF1C
                         0000FF1D    23 	.NR33 = 0xFF1D
                         0000FF1E    24 	.NR34 = 0xFF1E
                         0000FF20    25 	.NR41 = 0xFF20
                         0000FF21    26 	.NR42 = 0xFF21
                         0000FF22    27 	.NR43 = 0xFF22
                         0000FF23    28 	.NR44 = 0xFF23
                         0000FF24    29 	.NR50 = 0xFF24
                         0000FF25    30 	.NR51 = 0xFF25
                         0000FF26    31 	.NR52 = 0xFF26
                                     32 
                                     33 ;-------------------------------------------------------------------------------
                                     34 
                                     35 	.area	_DATA
                                     36 
                                     37 ;-------------------------------------------------------------------------------
                                     38 
    00000000                         39 gbt_playing::
    00000000                         40 	.ds	1
                                     41 
    00000001                         42 gbt_song:: ; pointer to the pointer array
    00000001                         43 	.ds	2
    00000003                         44 gbt_bank:: ; bank with the data
    00000003                         45 	.ds 1
    00000004                         46 gbt_speed:: ; playing speed
    00000004                         47 	.ds 1
                                     48 
                                     49 ; Up to 12 bytes per step are copied here to be handled in bank 1
    00000005                         50 gbt_temp_play_data::
    00000005                         51 	.ds 12
                                     52 
    00000011                         53 gbt_loop_enabled::
    00000011                         54 	.ds 1
    00000012                         55 gbt_ticks_elapsed::
    00000012                         56 	.ds	1
    00000013                         57 gbt_current_step::
    00000013                         58 	.ds	1
    00000014                         59 gbt_current_pattern::
    00000014                         60 	.ds	1
    00000015                         61 gbt_current_step_data_ptr:: ; pointer to next step data
    00000015                         62 	.ds 2
                                     63 
    00000017                         64 gbt_channels_enabled::
    00000017                         65 	.ds	1
                                     66 
    00000018                         67 gbt_pan:: ; Ch 1-4
    00000018                         68 	.ds	4*1
    0000001C                         69 gbt_vol:: ; Ch 1-4
    0000001C                         70 	.ds	4*1
    00000020                         71 gbt_instr:: ; Ch 1-4
    00000020                         72 	.ds	4*1
    00000024                         73 gbt_freq:: ; Ch 1-3
    00000024                         74 	.ds	3*2
                                     75 
    0000002A                         76 gbt_channel3_loaded_instrument:: ; current loaded instrument ($FF if none)
    0000002A                         77 	.ds	1
                                     78 
                                     79 ; Arpeggio -> Ch 1-3
    0000002B                         80 gbt_arpeggio_freq_index::
    0000002B                         81 	.ds 3*3 ; { base index, base index + x, base index + y } * 3
    00000034                         82 gbt_arpeggio_enabled::
    00000034                         83 	.ds 3*1 ; if 0, disabled
    00000037                         84 gbt_arpeggio_tick::
    00000037                         85 	.ds	3*1
                                     86 
                                     87 ; Cut note
    0000003A                         88 gbt_cut_note_tick::
    0000003A                         89 	.ds	4*1 ; If tick == gbt_cut_note_tick, stop note.
                                     90 
                                     91 ; Last step of last pattern this is set to 1
    0000003E                         92 gbt_have_to_stop_next_step::
    0000003E                         93 	.ds 1
                                     94 
    0000003F                         95 gbt_update_pattern_pointers::
    0000003F                         96 	.ds 1 ; set to 1 by jump effects
                                     97 
                                     98 ;-------------------------------------------------------------------------------
                                     99 
                                    100 	.area	_CODE
                                    101 
                                    102 ;-------------------------------------------------------------------------------
                                    103 
    00000000                        104 gbt_get_pattern_ptr:: ; a = pattern number
                                    105 
                                    106 	; loads a pointer to pattern a into gbt_current_step_data_ptr
                                    107 
    00000000 5F               [ 4]  108 	ld	e,a
    00000001 16 00            [ 8]  109 	ld	d,#0
                                    110 
    00000003 FA 03 00         [16]  111 	ld	a,(gbt_bank)
    00000006 EA 00 20         [16]  112 	ld	(#0x2000),a ; MBC1, MBC3, MBC5 - Set bank
                                    113 
    00000009 21 01 00         [12]  114 	ld	hl,#gbt_song
    0000000C 2A               [ 8]  115 	ld	a,(hl+)
    0000000D 6E               [ 8]  116 	ld	l,(hl)
    0000000E 67               [ 4]  117 	ld	h,a
                                    118 
                                    119 	; hl = pointer to list of pointers
                                    120 	; de = pattern number
                                    121 
    0000000F 19               [ 8]  122 	add	hl,de
    00000010 19               [ 8]  123 	add	hl,de
                                    124 
                                    125 	; hl = pointer to pattern a pointer
                                    126 
    00000011 2A               [ 8]  127 	ld	a,(hl+)
    00000012 66               [ 8]  128 	ld	h,(hl)
    00000013 6F               [ 4]  129 	ld	l,a
                                    130 
                                    131 	; hl = pointer to pattern a data
                                    132 
    00000014 7D               [ 4]  133 	ld	a,l
    00000015 EA 15 00         [16]  134 	ld	(gbt_current_step_data_ptr),a
    00000018 7C               [ 4]  135 	ld	a,h
    00000019 EA 16 00         [16]  136 	ld	(gbt_current_step_data_ptr+1),a
                                    137 
    0000001C C9               [16]  138 	ret
                                    139 
                                    140 ;-------------------------------------------------------------------------------
                                    141 
    0000001D                        142 gbt_get_pattern_ptr_banked:: ; a = pattern number
                                    143 
                                    144 	; loads a pointer to pattern a into gbt_current_step_data_ptr
                                    145 
    0000001D 4F               [ 4]  146 	ld	c,a
    0000001E 06 00            [ 8]  147 	ld	b,#0
                                    148 
    00000020 FA 03 00         [16]  149 	ld	a,(gbt_bank)
    00000023 EA 00 20         [16]  150 	ld	(#0x2000),a ; MBC1, MBC3, MBC5 - Set bank
                                    151 
    00000026 21 01 00         [12]  152 	ld	hl,#gbt_song
    00000029 2A               [ 8]  153 	ld	a,(hl+)
    0000002A 6E               [ 8]  154 	ld	l,(hl)
    0000002B 67               [ 4]  155 	ld	h,a
                                    156 
                                    157 	; hl = pointer to list of pointers
                                    158 	; de = pattern number
                                    159 
    0000002C 09               [ 8]  160 	add	hl,bc
    0000002D 09               [ 8]  161 	add	hl,bc
                                    162 
                                    163 	; hl = pointer to pattern a pointer
                                    164 
    0000002E 2A               [ 8]  165 	ld	a,(hl+)
    0000002F 46               [ 8]  166 	ld	b,(hl)
    00000030 B0               [ 4]  167 	or	a,b
    00000031 20 03            [12]  168 	jr	nz,dont_loop$
    00000033 EA 14 00         [16]  169 	ld	(gbt_current_pattern), a ; a = 0
    00000036                        170 dont_loop$:
    00000036 3E 01            [ 8]  171 	ld	a,#0x01
    00000038 EA 00 20         [16]  172 	ld	(#0x2000),a ; MBC1, MBC3, MBC5 - Set bank
                                    173 
    0000003B C9               [16]  174 	ret
                                    175 
                                    176 ;-------------------------------------------------------------------------------
                                    177 
    0000003C                        178 _gbt_play::
                                    179 
    0000003C C5               [16]  180 	push	bc
                                    181 
                                    182 	; GBDK-2020 calling convention: DE=data, A=bank, stack[sp+4]=speed
    0000003D 4F               [ 4]  183 	ld	c,a		; save bank in c (frees A for other use)
    0000003E F8 04            [12]  184 	lda	hl,4(sp)
    00000040 46               [ 8]  185 	ld	b,(hl)		; b = speed  (past push-bc=2 and return-addr=2)
                                    186 
                                    187 	; de = data
                                    188 	; b = speed , c = bank
                                    189 
    00000041 21 01 00         [12]  190 	ld	hl,#gbt_song
    00000044 72               [ 8]  191 	ld	(hl),d
    00000045 23               [ 8]  192 	inc	hl
    00000046 73               [ 8]  193 	ld	(hl),e
                                    194 
    00000047 79               [ 4]  195 	ld	a,c
    00000048 EA 03 00         [16]  196 	ld	(gbt_bank),a
    0000004B 78               [ 4]  197 	ld	a,b
    0000004C EA 04 00         [16]  198 	ld	(gbt_speed),a
                                    199 
    0000004F 3E 00            [ 8]  200 	ld	a,#0
    00000051 CD 00 00         [24]  201 	call	gbt_get_pattern_ptr
                                    202 
    00000054 AF               [ 4]  203 	xor	a,a
    00000055 EA 13 00         [16]  204 	ld	(gbt_current_step),a
    00000058 EA 14 00         [16]  205 	ld	(gbt_current_pattern),a
    0000005B EA 12 00         [16]  206 	ld	(gbt_ticks_elapsed),a
    0000005E EA 11 00         [16]  207 	ld	(gbt_loop_enabled),a
    00000061 EA 3E 00         [16]  208 	ld	(gbt_have_to_stop_next_step),a
    00000064 EA 3F 00         [16]  209 	ld	(gbt_update_pattern_pointers),a
                                    210 
    00000067 3E FF            [ 8]  211 	ld	a,#0xFF
    00000069 EA 2A 00         [16]  212 	ld	(gbt_channel3_loaded_instrument),a
                                    213 
    0000006C 3E 0F            [ 8]  214 	ld	a,#0x0F
    0000006E EA 17 00         [16]  215 	ld	(gbt_channels_enabled),a
                                    216 
    00000071 21 18 00         [12]  217 	ld	hl,#gbt_pan
    00000074 3E 11            [ 8]  218 	ld	a,#0x11 ; L and R
    00000076 22               [ 8]  219 	ld	(hl+),a
    00000077 CB 27            [ 8]  220 	sla	a
    00000079 22               [ 8]  221 	ld	(hl+),a
    0000007A CB 27            [ 8]  222 	sla	a
    0000007C 22               [ 8]  223 	ld	(hl+),a
    0000007D CB 27            [ 8]  224 	sla	a
    0000007F 77               [ 8]  225 	ld	(hl),a
                                    226 
    00000080 21 1C 00         [12]  227 	ld	hl,#gbt_vol
    00000083 3E F0            [ 8]  228 	ld	a,#0xF0 ; 100%
    00000085 22               [ 8]  229 	ld	(hl+),a
    00000086 22               [ 8]  230 	ld	(hl+),a
    00000087 3E 20            [ 8]  231 	ld	a,#0x20 ; 100%
    00000089 22               [ 8]  232 	ld	(hl+),a
    0000008A 3E F0            [ 8]  233 	ld	a,#0xF0 ; 100%
    0000008C 22               [ 8]  234 	ld	(hl+),a
                                    235 
    0000008D 3E 00            [ 8]  236 	ld	a,#0
                                    237 
    0000008F 21 20 00         [12]  238 	ld	hl,#gbt_instr
    00000092 22               [ 8]  239 	ld	(hl+),a
    00000093 22               [ 8]  240 	ld	(hl+),a
    00000094 22               [ 8]  241 	ld	(hl+),a
    00000095 22               [ 8]  242 	ld	(hl+),a
                                    243 
    00000096 21 24 00         [12]  244 	ld	hl,#gbt_freq
    00000099 22               [ 8]  245 	ld	(hl+),a
    0000009A 22               [ 8]  246 	ld	(hl+),a
    0000009B 22               [ 8]  247 	ld	(hl+),a
    0000009C 22               [ 8]  248 	ld	(hl+),a
    0000009D 22               [ 8]  249 	ld	(hl+),a
    0000009E 22               [ 8]  250 	ld	(hl+),a
                                    251 
    0000009F EA 34 00         [16]  252 	ld	(gbt_arpeggio_enabled+0),a
    000000A2 EA 35 00         [16]  253 	ld	(gbt_arpeggio_enabled+1),a
    000000A5 EA 36 00         [16]  254 	ld	(gbt_arpeggio_enabled+2),a
                                    255 
    000000A8 3E FF            [ 8]  256 	ld	a,#0xFF
    000000AA EA 3A 00         [16]  257 	ld	(gbt_cut_note_tick+0),a
    000000AD EA 3B 00         [16]  258 	ld	(gbt_cut_note_tick+1),a
    000000B0 EA 3C 00         [16]  259 	ld	(gbt_cut_note_tick+2),a
    000000B3 EA 3D 00         [16]  260 	ld	(gbt_cut_note_tick+3),a
                                    261 
    000000B6 3E 80            [ 8]  262 	ld	a,#0x80
    000000B8 E0 26            [12]  263 	ldh	(#.NR52),a
    000000BA 3E 00            [ 8]  264 	ld	a,#0x00
    000000BC E0 25            [12]  265 	ldh	(#.NR51),a
    000000BE 3E 00            [ 8]  266 	ld	a,#0x00 ; 0%
    000000C0 E0 24            [12]  267 	ldh	(#.NR50),a
                                    268 
    000000C2 AF               [ 4]  269 	xor	a,a
    000000C3 E0 10            [12]  270 	ldh	(#.NR10),a
    000000C5 E0 11            [12]  271 	ldh	(#.NR11),a
    000000C7 E0 12            [12]  272 	ldh	(#.NR12),a
    000000C9 E0 13            [12]  273 	ldh	(#.NR13),a
    000000CB E0 14            [12]  274 	ldh	(#.NR14),a
    000000CD E0 16            [12]  275 	ldh	(#.NR21),a
    000000CF E0 17            [12]  276 	ldh	(#.NR22),a
    000000D1 E0 18            [12]  277 	ldh	(#.NR23),a
    000000D3 E0 19            [12]  278 	ldh	(#.NR24),a
    000000D5 E0 1A            [12]  279 	ldh	(#.NR30),a
    000000D7 E0 1B            [12]  280 	ldh	(#.NR31),a
    000000D9 E0 1C            [12]  281 	ldh	(#.NR32),a
    000000DB E0 1D            [12]  282 	ldh	(#.NR33),a
    000000DD E0 1E            [12]  283 	ldh	(#.NR34),a
    000000DF E0 20            [12]  284 	ldh	(#.NR41),a
    000000E1 E0 21            [12]  285 	ldh	(#.NR42),a
    000000E3 E0 22            [12]  286 	ldh	(#.NR43),a
    000000E5 E0 23            [12]  287 	ldh	(#.NR44),a
                                    288 
    000000E7 3E 77            [ 8]  289 	ld	a,#0x77 ; 100%
    000000E9 E0 24            [12]  290 	ldh	(#.NR50),a
                                    291 
    000000EB 3E 01            [ 8]  292 	ld	a,#0x01
    000000ED EA 00 00         [16]  293 	ld	(gbt_playing),a
                                    294 
    000000F0 C1               [12]  295 	pop	bc
    000000F1 C9               [16]  296 	ret
                                    297 
                                    298 ;-------------------------------------------------------------------------------
                                    299 
    000000F2                        300 _gbt_pause::
                                    301 	; GBDK-2020: single uint8_t arg in A
    000000F2 EA 00 00         [16]  302 	ld	(gbt_playing),a
    000000F5 B7               [ 4]  303 	or	a
    000000F6 20 04            [12]  304 	jr	nz,.gbt_pause_unmute
                                    305 
                                    306 	; Silence all channels
    000000F8 AF               [ 4]  307 	xor	a
    000000F9 E0 25            [12]  308 	ldh	(#.NR51),a
                                    309 
    000000FB C9               [16]  310 	ret
                                    311 
    000000FC                        312 .gbt_pause_unmute: ; Unmute sound if playback is resumed
                                    313 
                                    314     ; Restore panning status
    000000FC 21 18 00         [12]  315 	ld	hl,#gbt_pan
    000000FF 2A               [ 8]  316 	ld	a,(hl+)
    00000100 B6               [ 8]  317 	or	a,(hl)
    00000101 23               [ 8]  318 	inc	hl
    00000102 B6               [ 8]  319 	or	a,(hl)
    00000103 23               [ 8]  320 	inc hl
    00000104 B6               [ 8]  321 	or	a,(hl)
    00000105 EA 25 FF         [16]  322 	ld	(#.NR51),a
                                    323 
    00000108 C9               [16]  324 	ret
                                    325 
                                    326 ;-------------------------------------------------------------------------------
                                    327 
    00000109                        328 _gbt_loop::
                                    329 	; GBDK-2020: single uint8_t arg in A
    00000109 EA 11 00         [16]  330 	ld	(gbt_loop_enabled),a
    0000010C C9               [16]  331 	ret
                                    332 
                                    333 ;-------------------------------------------------------------------------------
                                    334 
    0000010D                        335 _gbt_stop::
    0000010D AF               [ 4]  336 	xor	a
    0000010E EA 00 00         [16]  337 	ld	(gbt_playing),a
    00000111 E0 24            [12]  338 	ldh	(#.NR50),a
    00000113 E0 25            [12]  339 	ldh	(#.NR51),a
    00000115 E0 26            [12]  340 	ldh	(#.NR52),a
    00000117 C9               [16]  341 	ret
                                    342 
                                    343 ;-------------------------------------------------------------------------------
                                    344 
    00000118                        345 _gbt_enable_channels::
    00000118 F8 02            [12]  346 	lda	hl,2(sp)
    0000011A 7E               [ 8]  347 	ld	a,(hl)
    0000011B EA 17 00         [16]  348 	ld	(gbt_channels_enabled),a
    0000011E C9               [16]  349 	ret
                                    350 
                                    351 ;-------------------------------------------------------------------------------
                                    352 
    0000011F                        353 _gbt_update::
                                    354 
    0000011F C5               [16]  355 	push	bc
                                    356 
                                    357 	; gbt_update has some "ret z" and things like that
                                    358 	; We call it from here to make it easier to mantain both
                                    359 	; RGBDS and GBDK versions.
    00000120 CD 25 01         [24]  360 	call	gbt_update
                                    361 
    00000123 C1               [12]  362 	pop	bc
                                    363 
    00000124 C9               [16]  364 	ret
                                    365 
                                    366 ;-------------------------------------------------------------------------------
                                    367 
    00000125                        368 gbt_update:
                                    369 
    00000125 FA 00 00         [16]  370 	ld	a,(gbt_playing)
    00000128 B7               [ 4]  371 	or	a,a
    00000129 C8               [20]  372 	ret	z ; If not playing, return
                                    373 
                                    374 	; Handle tick counter
                                    375 
    0000012A 21 12 00         [12]  376 	ld	hl,#gbt_ticks_elapsed
    0000012D FA 04 00         [16]  377 	ld	a,(gbt_speed) ; a = total ticks
    00000130 46               [ 8]  378 	ld	b,(hl) ; b = ticks elapsed
    00000131 04               [ 4]  379 	inc	b
    00000132 70               [ 8]  380 	ld	(hl),b
    00000133 B8               [ 4]  381 	cp	a,b
    00000134 28 09            [12]  382 	jr	z,.dontexit
                                    383 
                                    384 	; Tick != Speed, update effects and exit
    00000136 3E 01            [ 8]  385 	ld	a,#0x01
    00000138 EA 00 20         [16]  386 	ld	(#0x2000),a ; MBC1, MBC3, MBC5 - Set bank 1
    0000013B CD 00 00         [24]  387 	call	gbt_update_effects_bank1 ; Call update function in bank 1
                                    388 
    0000013E C9               [16]  389 	ret
                                    390 
    0000013F                        391 .dontexit:
    0000013F 36 00            [12]  392 	ld	(hl),#0x00 ; reset tick counter
                                    393 
                                    394 	; Clear tick-based effects
                                    395 	; ------------------------
                                    396 
    00000141 AF               [ 4]  397 	xor	a,a
    00000142 21 34 00         [12]  398 	ld	hl,#gbt_arpeggio_enabled ; Disable arpeggio
    00000145 22               [ 8]  399 	ld	(hl+),a
    00000146 22               [ 8]  400 	ld	(hl+),a
    00000147 77               [ 8]  401 	ld	(hl),a
    00000148 3D               [ 4]  402 	dec	a ; a = 0xFF
    00000149 21 3A 00         [12]  403 	ld	hl,#gbt_cut_note_tick ; Disable cut note
    0000014C 22               [ 8]  404 	ld	(hl+),a
    0000014D 22               [ 8]  405 	ld	(hl+),a
    0000014E 22               [ 8]  406 	ld	(hl+),a
    0000014F 77               [ 8]  407 	ld	(hl),a
                                    408 
                                    409 	; Update effects
                                    410 	; --------------
                                    411 
    00000150 3E 01            [ 8]  412 	ld	a,#0x01
    00000152 EA 00 20         [16]  413 	ld	(#0x2000),a ; MBC1, MBC3, MBC5 - Set bank 1
    00000155 CD 00 00         [24]  414 	call	gbt_update_effects_bank1 ; Call update function in bank 1
                                    415 
                                    416 	; Check if last step
                                    417 	; ------------------
                                    418 
    00000158 FA 3E 00         [16]  419 	ld	a,(gbt_have_to_stop_next_step)
    0000015B B7               [ 4]  420 	or	a,a
    0000015C 28 09            [12]  421 	jr	z,.dont_stop
                                    422 
    0000015E CD 0D 01         [24]  423 	call	_gbt_stop
    00000161 3E 00            [ 8]  424 	ld	a,#0
    00000163 EA 3E 00         [16]  425 	ld	(gbt_have_to_stop_next_step),a
    00000166 C9               [16]  426 	ret
                                    427 
    00000167                        428 .dont_stop:
                                    429 
                                    430 	; Get this step data
                                    431 	; ------------------
                                    432 
                                    433 	; Change to bank with song data
                                    434 
    00000167 FA 03 00         [16]  435 	ld	a,(gbt_bank)
    0000016A EA 00 20         [16]  436 	ld	(#0x2000),a ; MBC1, MBC3, MBC5
                                    437 
                                    438 	; Get step data
                                    439 
    0000016D FA 15 00         [16]  440 	ld	a,(gbt_current_step_data_ptr)
    00000170 6F               [ 4]  441 	ld	l,a
    00000171 FA 16 00         [16]  442 	ld	a,(gbt_current_step_data_ptr+1)
    00000174 67               [ 4]  443 	ld	h,a ; hl = pointer to data
                                    444 
    00000175 11 05 00         [12]  445 	ld	de,#gbt_temp_play_data
                                    446 
    00000178 06 04            [ 8]  447 	ld	b,#4
    0000017A                        448 .copy_loop:	; copy as bytes as needed for this step
                                    449 
    0000017A 2A               [ 8]  450 	ld	a,(hl+)
    0000017B 12               [ 8]  451 	ld	(de),a
    0000017C 13               [ 8]  452 	inc	de
    0000017D CB 7F            [ 8]  453 	bit	7,a
    0000017F 20 06            [12]  454 	jr	nz,.more_bytes
    00000181 CB 77            [ 8]  455 	bit	6,a
    00000183 28 0C            [12]  456 	jr	z,.no_more_bytes_this_channel
                                    457 
    00000185 18 07            [12]  458 	jr	.one_more_byte
                                    459 
    00000187                        460 .more_bytes:
                                    461 
    00000187 2A               [ 8]  462 	ld	a,(hl+)
    00000188 12               [ 8]  463 	ld	(de),a
    00000189 13               [ 8]  464 	inc	de
    0000018A CB 7F            [ 8]  465 	bit	7,a
    0000018C 28 03            [12]  466 	jr	z,.no_more_bytes_this_channel
                                    467 
    0000018E                        468 .one_more_byte:
                                    469 
    0000018E 2A               [ 8]  470 	ld	a,(hl+)
    0000018F 12               [ 8]  471 	ld	(de),a
    00000190 13               [ 8]  472 	inc	de
                                    473 
    00000191                        474 .no_more_bytes_this_channel:
    00000191 05               [ 4]  475 	dec	b
    00000192 20 E6            [12]  476 	jr	nz,.copy_loop
                                    477 
    00000194 7D               [ 4]  478 	ld	a,l
    00000195 EA 15 00         [16]  479 	ld	(gbt_current_step_data_ptr),a
    00000198 7C               [ 4]  480 	ld	a,h
    00000199 EA 16 00         [16]  481 	ld	(gbt_current_step_data_ptr+1),a ; save pointer to data
                                    482 
                                    483 	; Increment step/pattern
                                    484 	; ----------------------
                                    485 
                                    486 	; Increment step
                                    487 
    0000019C FA 13 00         [16]  488 	ld	a,(gbt_current_step)
    0000019F 3C               [ 4]  489 	inc	a
    000001A0 EA 13 00         [16]  490 	ld	(gbt_current_step),a
    000001A3 FE 40            [ 8]  491 	cp	a,#64
    000001A5 20 2E            [12]  492 	jr	nz,.dont_increment_pattern
                                    493 
                                    494 	; Increment pattern
                                    495 
    000001A7 3E 00            [ 8]  496 	ld	a,#0
    000001A9 EA 13 00         [16]  497 	ld	(gbt_current_step),a ; Step 0
                                    498 
    000001AC FA 14 00         [16]  499 	ld	a,(gbt_current_pattern)
    000001AF 3C               [ 4]  500 	inc	a
    000001B0 EA 14 00         [16]  501 	ld	(gbt_current_pattern),a
                                    502 
    000001B3 CD 00 00         [24]  503 	call	gbt_get_pattern_ptr
                                    504 
    000001B6 FA 15 00         [16]  505 	ld	a,(gbt_current_step_data_ptr)
    000001B9 47               [ 4]  506 	ld	b,a
    000001BA FA 16 00         [16]  507 	ld	a,(gbt_current_step_data_ptr+1)
    000001BD B0               [ 4]  508 	or	a,b
    000001BE 20 15            [12]  509 	jr	nz,.not_ended ; if pointer is 0, song has ended
                                    510 
    000001C0 FA 11 00         [16]  511 	ld	a,(gbt_loop_enabled)
    000001C3 A7               [ 4]  512 	and	a,a
                                    513 
    000001C4 28 0A            [12]  514 	jr	z,.loop_disabled
                                    515 
                                    516 	; If loop is enabled, jump to pattern 0
                                    517 
    000001C6 3E 00            [ 8]  518 	ld	a,#0
    000001C8 EA 14 00         [16]  519 	ld	(gbt_current_pattern),a
                                    520 
    000001CB CD 00 00         [24]  521 	call	gbt_get_pattern_ptr
                                    522 
    000001CE 18 05            [12]  523 	jr	.end_handling_steps_pattern
                                    524 
    000001D0                        525 .loop_disabled:
                                    526 
                                    527 	; If loop is disabled, stop song
                                    528 	; Stop it next step, if not this step won't be played
                                    529 
    000001D0 3E 01            [ 8]  530 	ld	a,#1
    000001D2 EA 3E 00         [16]  531 	ld	(gbt_have_to_stop_next_step),a
                                    532 
    000001D5                        533 .not_ended:
                                    534 
    000001D5                        535 .dont_increment_pattern:
                                    536 
    000001D5                        537 .end_handling_steps_pattern:
                                    538 
    000001D5 3E 01            [ 8]  539 	ld	a,#0x01
    000001D7 EA 00 20         [16]  540 	ld	(#0x2000),a ; MBC1, MBC3, MBC5 - Set bank 1
    000001DA CD 00 00         [24]  541 	call	gbt_update_bank1 ; Call update function in bank 1
                                    542 
                                    543 	; Check if any effect has changed the pattern or step
                                    544 
    000001DD FA 3F 00         [16]  545 	ld	a,(gbt_update_pattern_pointers)
    000001E0 A7               [ 4]  546 	and	a,a
    000001E1 C8               [20]  547 	ret	z
                                    548 	; if any effect has changed the pattern or step, update
                                    549 
    000001E2 AF               [ 4]  550 	xor	a,a
    000001E3 EA 3F 00         [16]  551 	ld	(gbt_update_pattern_pointers),a ; clear update flag
                                    552 
    000001E6 EA 3E 00         [16]  553 	ld	(gbt_have_to_stop_next_step),a ; clear stop flag
                                    554 
    000001E9 FA 14 00         [16]  555 	ld	a,(gbt_current_pattern)
    000001EC CD 00 00         [24]  556 	call	gbt_get_pattern_ptr ; set ptr to start of the pattern
                                    557 
                                    558 	; Search the step
                                    559 
                                    560 	; Change to bank with song data
                                    561 
    000001EF FA 03 00         [16]  562 	ld	a,(gbt_bank)
    000001F2 EA 00 20         [16]  563 	ld	(#0x2000),a ; MBC1, MBC3, MBC5
                                    564 
    000001F5 FA 15 00         [16]  565 	ld	a,(gbt_current_step_data_ptr)
    000001F8 6F               [ 4]  566 	ld	l,a
    000001F9 FA 16 00         [16]  567 	ld	a,(gbt_current_step_data_ptr+1)
    000001FC 67               [ 4]  568 	ld	h,a ; hl = pointer to data
                                    569 
    000001FD FA 13 00         [16]  570 	ld	a,(gbt_current_step)
    00000200 A7               [ 4]  571 	and	a,a
    00000201 C8               [20]  572 	ret	z ; if changing to step 0, exit
                                    573 
    00000202 CB 27            [ 8]  574 	sla	a
    00000204 CB 27            [ 8]  575 	sla	a
    00000206 47               [ 4]  576 	ld	b,a ; b = iterations = step * 4 (number of channels)
    00000207                        577 .next_channel:
                                    578 
    00000207 2A               [ 8]  579 	ld	a,(hl+)
    00000208 CB 7F            [ 8]  580 	bit	7,a
    0000020A 20 06            [12]  581 	jr	nz,.next_channel_more_bytes
    0000020C CB 77            [ 8]  582 	bit	6,a
    0000020E 28 08            [12]  583 	jr	z,.next_channel_no_more_bytes_this_channel
                                    584 
    00000210 18 05            [12]  585 	jr	.next_channel_one_more_byte
                                    586 
    00000212                        587 .next_channel_more_bytes:
                                    588 
    00000212 2A               [ 8]  589 	ld	a,(hl+)
    00000213 CB 7F            [ 8]  590 	bit	7,a
    00000215 28 01            [12]  591 	jr	z,.next_channel_no_more_bytes_this_channel
                                    592 
    00000217                        593 .next_channel_one_more_byte:
                                    594 
    00000217 2A               [ 8]  595 	ld	a,(hl+)
                                    596 
    00000218                        597 .next_channel_no_more_bytes_this_channel:
    00000218 05               [ 4]  598 	dec	b
    00000219 20 EC            [12]  599 	jr	nz,.next_channel
                                    600 
    0000021B 7D               [ 4]  601 	ld	a,l
    0000021C EA 15 00         [16]  602 	ld	(gbt_current_step_data_ptr),a
    0000021F 7C               [ 4]  603 	ld	a,h
    00000220 EA 16 00         [16]  604 	ld	(gbt_current_step_data_ptr+1),a ; save pointer to data
                                    605 
    00000223 C9               [16]  606 	ret
                                    607 
                                    608 ;-------------------------------------------------------------------------------
ASxxxx Assembler V02.00 + NoICE + SDCC mods  (GameBoy)                  Page 1
Hexadecimal [32-Bits]

Symbol Table

    .NR10   =   0000FF10     |     .NR11   =   0000FF11     |     .NR12   =   0000FF12 
    .NR13   =   0000FF13     |     .NR14   =   0000FF14     |     .NR21   =   0000FF16 
    .NR22   =   0000FF17     |     .NR23   =   0000FF18     |     .NR24   =   0000FF19 
    .NR30   =   0000FF1A     |     .NR31   =   0000FF1B     |     .NR32   =   0000FF1C 
    .NR33   =   0000FF1D     |     .NR34   =   0000FF1E     |     .NR41   =   0000FF20 
    .NR42   =   0000FF21     |     .NR43   =   0000FF22     |     .NR44   =   0000FF23 
    .NR50   =   0000FF24     |     .NR51   =   0000FF25     |     .NR52   =   0000FF26 
    .__.$$$.=   00002710 L   |     .__.ABS.=   00000000 G   |     .__.CPU.=   00000000 L
    .__.H$L.=   00000000 L   |   0 .copy_lo    0000017A R   |   0 .dont_in    000001D5 R
  0 .dont_st    00000167 R   |   0 .dontexi    0000013F R   |   0 .end_han    000001D5 R
  0 .gbt_pau    000000FC R   |   0 .loop_di    000001D0 R   |   0 .more_by    00000187 R
  0 .next_ch    00000207 R   |   0 .next_ch    00000212 R   |   0 .next_ch    00000218 R
  0 .next_ch    00000217 R   |   0 .no_more    00000191 R   |   0 .not_end    000001D5 R
  0 .one_mor    0000018E R   |   0 _gbt_ena    00000118 GR  |   0 _gbt_loo    00000109 GR
  0 _gbt_pau    000000F2 GR  |   0 _gbt_pla    0000003C GR  |   0 _gbt_sto    0000010D GR
  0 _gbt_upd    0000011F GR  |   0 dont_loo    00000036 R   |   1 gbt_arpe    00000034 GR
  1 gbt_arpe    0000002B GR  |   1 gbt_arpe    00000037 GR  |   1 gbt_bank    00000003 GR
  1 gbt_chan    0000002A GR  |   1 gbt_chan    00000017 GR  |   1 gbt_curr    00000014 GR
  1 gbt_curr    00000013 GR  |   1 gbt_curr    00000015 GR  |   1 gbt_cut_    0000003A GR
  1 gbt_freq    00000024 GR  |   0 gbt_get_    00000000 GR  |   0 gbt_get_    0000001D GR
  1 gbt_have    0000003E GR  |   1 gbt_inst    00000020 GR  |   1 gbt_loop    00000011 GR
  1 gbt_pan     00000018 GR  |   1 gbt_play    00000000 GR  |   1 gbt_song    00000001 GR
  1 gbt_spee    00000004 GR  |   1 gbt_temp    00000005 GR  |   1 gbt_tick    00000012 GR
  0 gbt_upda    00000125 R   |     gbt_upda    ******** GX  |     gbt_upda    ******** GX
  1 gbt_upda    0000003F GR  |   1 gbt_vol     0000001C GR

ASxxxx Assembler V02.00 + NoICE + SDCC mods  (GameBoy)                  Page 2
Hexadecimal [32-Bits]

Area Table

   0 _CODE      size      224   flags    0
   1 _DATA      size       40   flags    0

