                                      1 ;--------------------------------------------------------
                                      2 ; File Created by SDCC : free open source ISO C Compiler
                                      3 ; Version 4.5.1 #15267 (Mac OS X ppc)
                                      4 ;--------------------------------------------------------
                                      5 	.module tileset
                                      6 	
                                      7 ;--------------------------------------------------------
                                      8 ; Public variables in this module
                                      9 ;--------------------------------------------------------
                                     10 	.globl _Tileset
                                     11 ;--------------------------------------------------------
                                     12 ; special function registers
                                     13 ;--------------------------------------------------------
                                     14 	.area _HRAM
                                     15 ;--------------------------------------------------------
                                     16 ; ram data
                                     17 ;--------------------------------------------------------
                                     18 	.area _DATA
                                     19 ;--------------------------------------------------------
                                     20 ; ram data
                                     21 ;--------------------------------------------------------
                                     22 	.area _INITIALIZED
    00000000                         23 _Tileset::
    00000000                         24 	.ds 496
                                     25 ;--------------------------------------------------------
                                     26 ; absolute external ram data
                                     27 ;--------------------------------------------------------
                                     28 	.area _DABS (ABS)
                                     29 ;--------------------------------------------------------
                                     30 ; global & static initialisations
                                     31 ;--------------------------------------------------------
                                     32 	.area _HOME
                                     33 	.area _GSINIT
                                     34 	.area _GSFINAL
                                     35 	.area _GSINIT
                                     36 ;--------------------------------------------------------
                                     37 ; Home
                                     38 ;--------------------------------------------------------
                                     39 	.area _HOME
                                     40 	.area _HOME
                                     41 ;--------------------------------------------------------
                                     42 ; code
                                     43 ;--------------------------------------------------------
                                     44 	.area _CODE
                                     45 	.area _CODE
                                     46 	.area _INITIALIZER
    00000000                         47 __xinit__Tileset:
    00000000 00                      48 	.db #0x00	; 0
    00000001 00                      49 	.db #0x00	; 0
    00000002 00                      50 	.db #0x00	; 0
    00000003 00                      51 	.db #0x00	; 0
    00000004 00                      52 	.db #0x00	; 0
    00000005 00                      53 	.db #0x00	; 0
    00000006 00                      54 	.db #0x00	; 0
    00000007 00                      55 	.db #0x00	; 0
    00000008 00                      56 	.db #0x00	; 0
    00000009 00                      57 	.db #0x00	; 0
    0000000A 00                      58 	.db #0x00	; 0
    0000000B 00                      59 	.db #0x00	; 0
    0000000C 00                      60 	.db #0x00	; 0
    0000000D 00                      61 	.db #0x00	; 0
    0000000E 00                      62 	.db #0x00	; 0
    0000000F 00                      63 	.db #0x00	; 0
    00000010 00                      64 	.db #0x00	; 0
    00000011 FF                      65 	.db #0xff	; 255
    00000012 00                      66 	.db #0x00	; 0
    00000013 FF                      67 	.db #0xff	; 255
    00000014 10                      68 	.db #0x10	; 16
    00000015 EF                      69 	.db #0xef	; 239
    00000016 19                      70 	.db #0x19	; 25
    00000017 E6                      71 	.db #0xe6	; 230
    00000018 0B                      72 	.db #0x0b	; 11
    00000019 F4                      73 	.db #0xf4	; 244
    0000001A 62                      74 	.db #0x62	; 98	'b'
    0000001B 9D                      75 	.db #0x9d	; 157
    0000001C 30                      76 	.db #0x30	; 48	'0'
    0000001D CF                      77 	.db #0xcf	; 207
    0000001E 00                      78 	.db #0x00	; 0
    0000001F FF                      79 	.db #0xff	; 255
    00000020 00                      80 	.db #0x00	; 0
    00000021 FF                      81 	.db #0xff	; 255
    00000022 00                      82 	.db #0x00	; 0
    00000023 FF                      83 	.db #0xff	; 255
    00000024 00                      84 	.db #0x00	; 0
    00000025 FF                      85 	.db #0xff	; 255
    00000026 00                      86 	.db #0x00	; 0
    00000027 FF                      87 	.db #0xff	; 255
    00000028 00                      88 	.db #0x00	; 0
    00000029 FF                      89 	.db #0xff	; 255
    0000002A 00                      90 	.db #0x00	; 0
    0000002B FF                      91 	.db #0xff	; 255
    0000002C 00                      92 	.db #0x00	; 0
    0000002D FF                      93 	.db #0xff	; 255
    0000002E 00                      94 	.db #0x00	; 0
    0000002F FF                      95 	.db #0xff	; 255
    00000030 00                      96 	.db #0x00	; 0
    00000031 FF                      97 	.db #0xff	; 255
    00000032 00                      98 	.db #0x00	; 0
    00000033 FF                      99 	.db #0xff	; 255
    00000034 38                     100 	.db #0x38	; 56	'8'
    00000035 FF                     101 	.db #0xff	; 255
    00000036 4C                     102 	.db #0x4c	; 76	'L'
    00000037 FF                     103 	.db #0xff	; 255
    00000038 86                     104 	.db #0x86	; 134
    00000039 FF                     105 	.db #0xff	; 255
    0000003A A2                     106 	.db #0xa2	; 162
    0000003B FF                     107 	.db #0xff	; 255
    0000003C E6                     108 	.db #0xe6	; 230
    0000003D FF                     109 	.db #0xff	; 255
    0000003E 7C                     110 	.db #0x7c	; 124
    0000003F FF                     111 	.db #0xff	; 255
    00000040 F0                     112 	.db #0xf0	; 240
    00000041 FF                     113 	.db #0xff	; 255
    00000042 E0                     114 	.db #0xe0	; 224
    00000043 FF                     115 	.db #0xff	; 255
    00000044 C0                     116 	.db #0xc0	; 192
    00000045 FF                     117 	.db #0xff	; 255
    00000046 80                     118 	.db #0x80	; 128
    00000047 FF                     119 	.db #0xff	; 255
    00000048 00                     120 	.db #0x00	; 0
    00000049 FF                     121 	.db #0xff	; 255
    0000004A 00                     122 	.db #0x00	; 0
    0000004B FF                     123 	.db #0xff	; 255
    0000004C 00                     124 	.db #0x00	; 0
    0000004D FF                     125 	.db #0xff	; 255
    0000004E 00                     126 	.db #0x00	; 0
    0000004F FF                     127 	.db #0xff	; 255
    00000050 01                     128 	.db #0x01	; 1
    00000051 FF                     129 	.db #0xff	; 255
    00000052 03                     130 	.db #0x03	; 3
    00000053 FF                     131 	.db #0xff	; 255
    00000054 07                     132 	.db #0x07	; 7
    00000055 FF                     133 	.db #0xff	; 255
    00000056 07                     134 	.db #0x07	; 7
    00000057 FF                     135 	.db #0xff	; 255
    00000058 0F                     136 	.db #0x0f	; 15
    00000059 FF                     137 	.db #0xff	; 255
    0000005A 0F                     138 	.db #0x0f	; 15
    0000005B FF                     139 	.db #0xff	; 255
    0000005C 1F                     140 	.db #0x1f	; 31
    0000005D FF                     141 	.db #0xff	; 255
    0000005E 1F                     142 	.db #0x1f	; 31
    0000005F FF                     143 	.db #0xff	; 255
    00000060 00                     144 	.db #0x00	; 0
    00000061 FF                     145 	.db #0xff	; 255
    00000062 00                     146 	.db #0x00	; 0
    00000063 FF                     147 	.db #0xff	; 255
    00000064 00                     148 	.db #0x00	; 0
    00000065 FF                     149 	.db #0xff	; 255
    00000066 03                     150 	.db #0x03	; 3
    00000067 FF                     151 	.db #0xff	; 255
    00000068 0F                     152 	.db #0x0f	; 15
    00000069 FF                     153 	.db #0xff	; 255
    0000006A 3F                     154 	.db #0x3f	; 63
    0000006B FF                     155 	.db #0xff	; 255
    0000006C 7F                     156 	.db #0x7f	; 127
    0000006D FF                     157 	.db #0xff	; 255
    0000006E FF                     158 	.db #0xff	; 255
    0000006F FF                     159 	.db #0xff	; 255
    00000070 FE                     160 	.db #0xfe	; 254
    00000071 FF                     161 	.db #0xff	; 255
    00000072 FE                     162 	.db #0xfe	; 254
    00000073 FF                     163 	.db #0xff	; 255
    00000074 FE                     164 	.db #0xfe	; 254
    00000075 FF                     165 	.db #0xff	; 255
    00000076 FC                     166 	.db #0xfc	; 252
    00000077 FF                     167 	.db #0xff	; 255
    00000078 FC                     168 	.db #0xfc	; 252
    00000079 FF                     169 	.db #0xff	; 255
    0000007A F8                     170 	.db #0xf8	; 248
    0000007B FF                     171 	.db #0xff	; 255
    0000007C E0                     172 	.db #0xe0	; 224
    0000007D FF                     173 	.db #0xff	; 255
    0000007E 00                     174 	.db #0x00	; 0
    0000007F FF                     175 	.db #0xff	; 255
    00000080 00                     176 	.db #0x00	; 0
    00000081 FF                     177 	.db #0xff	; 255
    00000082 01                     178 	.db #0x01	; 1
    00000083 FF                     179 	.db #0xff	; 255
    00000084 63                     180 	.db #0x63	; 99	'c'
    00000085 FE                     181 	.db #0xfe	; 254
    00000086 77                     182 	.db #0x77	; 119	'w'
    00000087 DC                     183 	.db #0xdc	; 220
    00000088 7E                     184 	.db #0x7e	; 126
    00000089 CD                     185 	.db #0xcd	; 205
    0000008A 77                     186 	.db #0x77	; 119	'w'
    0000008B DE                     187 	.db #0xde	; 222
    0000008C 7B                     188 	.db #0x7b	; 123
    0000008D CE                     189 	.db #0xce	; 206
    0000008E 3F                     190 	.db #0x3f	; 63
    0000008F E6                     191 	.db #0xe6	; 230
    00000090 00                     192 	.db #0x00	; 0
    00000091 FF                     193 	.db #0xff	; 255
    00000092 80                     194 	.db #0x80	; 128
    00000093 FF                     195 	.db #0xff	; 255
    00000094 C6                     196 	.db #0xc6	; 198
    00000095 7F                     197 	.db #0x7f	; 127
    00000096 EE                     198 	.db #0xee	; 238
    00000097 3B                     199 	.db #0x3b	; 59
    00000098 7E                     200 	.db #0x7e	; 126
    00000099 B3                     201 	.db #0xb3	; 179
    0000009A EE                     202 	.db #0xee	; 238
    0000009B 7B                     203 	.db #0x7b	; 123
    0000009C DE                     204 	.db #0xde	; 222
    0000009D 73                     205 	.db #0x73	; 115	's'
    0000009E FC                     206 	.db #0xfc	; 252
    0000009F 67                     207 	.db #0x67	; 103	'g'
    000000A0 1F                     208 	.db #0x1f	; 31
    000000A1 FE                     209 	.db #0xfe	; 254
    000000A2 3B                     210 	.db #0x3b	; 59
    000000A3 E7                     211 	.db #0xe7	; 231
    000000A4 72                     212 	.db #0x72	; 114	'r'
    000000A5 CF                     213 	.db #0xcf	; 207
    000000A6 7F                     214 	.db #0x7f	; 127
    000000A7 C4                     215 	.db #0xc4	; 196
    000000A8 7F                     216 	.db #0x7f	; 127
    000000A9 FC                     217 	.db #0xfc	; 252
    000000AA 07                     218 	.db #0x07	; 7
    000000AB FC                     219 	.db #0xfc	; 252
    000000AC 03                     220 	.db #0x03	; 3
    000000AD FF                     221 	.db #0xff	; 255
    000000AE 00                     222 	.db #0x00	; 0
    000000AF FF                     223 	.db #0xff	; 255
    000000B0 F8                     224 	.db #0xf8	; 248
    000000B1 7F                     225 	.db #0x7f	; 127
    000000B2 DC                     226 	.db #0xdc	; 220
    000000B3 E7                     227 	.db #0xe7	; 231
    000000B4 4E                     228 	.db #0x4e	; 78	'N'
    000000B5 F3                     229 	.db #0xf3	; 243
    000000B6 FE                     230 	.db #0xfe	; 254
    000000B7 23                     231 	.db #0x23	; 35
    000000B8 FE                     232 	.db #0xfe	; 254
    000000B9 3F                     233 	.db #0x3f	; 63
    000000BA E0                     234 	.db #0xe0	; 224
    000000BB 3F                     235 	.db #0x3f	; 63
    000000BC C0                     236 	.db #0xc0	; 192
    000000BD FF                     237 	.db #0xff	; 255
    000000BE 00                     238 	.db #0x00	; 0
    000000BF FF                     239 	.db #0xff	; 255
    000000C0 00                     240 	.db #0x00	; 0
    000000C1 00                     241 	.db #0x00	; 0
    000000C2 03                     242 	.db #0x03	; 3
    000000C3 03                     243 	.db #0x03	; 3
    000000C4 07                     244 	.db #0x07	; 7
    000000C5 04                     245 	.db #0x04	; 4
    000000C6 0F                     246 	.db #0x0f	; 15
    000000C7 08                     247 	.db #0x08	; 8
    000000C8 1F                     248 	.db #0x1f	; 31
    000000C9 10                     249 	.db #0x10	; 16
    000000CA 3F                     250 	.db #0x3f	; 63
    000000CB 20                     251 	.db #0x20	; 32
    000000CC 7F                     252 	.db #0x7f	; 127
    000000CD 40                     253 	.db #0x40	; 64
    000000CE 5F                     254 	.db #0x5f	; 95
    000000CF 60                     255 	.db #0x60	; 96
    000000D0 00                     256 	.db #0x00	; 0
    000000D1 00                     257 	.db #0x00	; 0
    000000D2 E0                     258 	.db #0xe0	; 224
    000000D3 E0                     259 	.db #0xe0	; 224
    000000D4 F0                     260 	.db #0xf0	; 240
    000000D5 10                     261 	.db #0x10	; 16
    000000D6 F8                     262 	.db #0xf8	; 248
    000000D7 08                     263 	.db #0x08	; 8
    000000D8 FC                     264 	.db #0xfc	; 252
    000000D9 04                     265 	.db #0x04	; 4
    000000DA FE                     266 	.db #0xfe	; 254
    000000DB 02                     267 	.db #0x02	; 2
    000000DC FF                     268 	.db #0xff	; 255
    000000DD 01                     269 	.db #0x01	; 1
    000000DE 45                     270 	.db #0x45	; 69	'E'
    000000DF BB                     271 	.db #0xbb	; 187
    000000E0 C0                     272 	.db #0xc0	; 192
    000000E1 71                     273 	.db #0x71	; 113	'q'
    000000E2 C0                     274 	.db #0xc0	; 192
    000000E3 7B                     275 	.db #0x7b	; 123
    000000E4 C0                     276 	.db #0xc0	; 192
    000000E5 7B                     277 	.db #0x7b	; 123
    000000E6 C0                     278 	.db #0xc0	; 192
    000000E7 7B                     279 	.db #0x7b	; 123
    000000E8 C0                     280 	.db #0xc0	; 192
    000000E9 7B                     281 	.db #0x7b	; 123
    000000EA B0                     282 	.db #0xb0	; 176
    000000EB 3B                     283 	.db #0x3b	; 59
    000000EC 90                     284 	.db #0x90	; 144
    000000ED 1F                     285 	.db #0x1f	; 31
    000000EE FF                     286 	.db #0xff	; 255
    000000EF 0F                     287 	.db #0x0f	; 15
    000000F0 03                     288 	.db #0x03	; 3
    000000F1 D7                     289 	.db #0xd7	; 215
    000000F2 07                     290 	.db #0x07	; 7
    000000F3 EF                     291 	.db #0xef	; 239
    000000F4 0F                     292 	.db #0x0f	; 15
    000000F5 EF                     293 	.db #0xef	; 239
    000000F6 0F                     294 	.db #0x0f	; 15
    000000F7 EF                     295 	.db #0xef	; 239
    000000F8 0F                     296 	.db #0x0f	; 15
    000000F9 EF                     297 	.db #0xef	; 239
    000000FA 0E                     298 	.db #0x0e	; 14
    000000FB EE                     299 	.db #0xee	; 238
    000000FC 0C                     300 	.db #0x0c	; 12
    000000FD FC                     301 	.db #0xfc	; 252
    000000FE F0                     302 	.db #0xf0	; 240
    000000FF F0                     303 	.db #0xf0	; 240
    00000100 00                     304 	.db #0x00	; 0
    00000101 FF                     305 	.db #0xff	; 255
    00000102 38                     306 	.db #0x38	; 56	'8'
    00000103 FF                     307 	.db #0xff	; 255
    00000104 4C                     308 	.db #0x4c	; 76	'L'
    00000105 FF                     309 	.db #0xff	; 255
    00000106 86                     310 	.db #0x86	; 134
    00000107 FF                     311 	.db #0xff	; 255
    00000108 A6                     312 	.db #0xa6	; 166
    00000109 FF                     313 	.db #0xff	; 255
    0000010A EE                     314 	.db #0xee	; 238
    0000010B FF                     315 	.db #0xff	; 255
    0000010C 7C                     316 	.db #0x7c	; 124
    0000010D FF                     317 	.db #0xff	; 255
    0000010E 00                     318 	.db #0x00	; 0
    0000010F FF                     319 	.db #0xff	; 255
    00000110 00                     320 	.db #0x00	; 0
    00000111 FF                     321 	.db #0xff	; 255
    00000112 00                     322 	.db #0x00	; 0
    00000113 FF                     323 	.db #0xff	; 255
    00000114 00                     324 	.db #0x00	; 0
    00000115 FF                     325 	.db #0xff	; 255
    00000116 00                     326 	.db #0x00	; 0
    00000117 FF                     327 	.db #0xff	; 255
    00000118 1C                     328 	.db #0x1c	; 28
    00000119 FF                     329 	.db #0xff	; 255
    0000011A 26                     330 	.db #0x26	; 38
    0000011B FF                     331 	.db #0xff	; 255
    0000011C 2E                     332 	.db #0x2e	; 46
    0000011D FF                     333 	.db #0xff	; 255
    0000011E 1C                     334 	.db #0x1c	; 28
    0000011F FF                     335 	.db #0xff	; 255
    00000120 03                     336 	.db #0x03	; 3
    00000121 03                     337 	.db #0x03	; 3
    00000122 07                     338 	.db #0x07	; 7
    00000123 04                     339 	.db #0x04	; 4
    00000124 0F                     340 	.db #0x0f	; 15
    00000125 0D                     341 	.db #0x0d	; 13
    00000126 1F                     342 	.db #0x1f	; 31
    00000127 10                     343 	.db #0x10	; 16
    00000128 7F                     344 	.db #0x7f	; 127
    00000129 70                     345 	.db #0x70	; 112	'p'
    0000012A 6F                     346 	.db #0x6f	; 111	'o'
    0000012B 50                     347 	.db #0x50	; 80	'P'
    0000012C 7F                     348 	.db #0x7f	; 127
    0000012D 40                     349 	.db #0x40	; 64
    0000012E 6F                     350 	.db #0x6f	; 111	'o'
    0000012F 50                     351 	.db #0x50	; 80	'P'
    00000130 80                     352 	.db #0x80	; 128
    00000131 80                     353 	.db #0x80	; 128
    00000132 C0                     354 	.db #0xc0	; 192
    00000133 40                     355 	.db #0x40	; 64
    00000134 FE                     356 	.db #0xfe	; 254
    00000135 FE                     357 	.db #0xfe	; 254
    00000136 FF                     358 	.db #0xff	; 255
    00000137 01                     359 	.db #0x01	; 1
    00000138 FF                     360 	.db #0xff	; 255
    00000139 01                     361 	.db #0x01	; 1
    0000013A C3                     362 	.db #0xc3	; 195
    0000013B 3F                     363 	.db #0x3f	; 63
    0000013C DC                     364 	.db #0xdc	; 220
    0000013D 3C                     365 	.db #0x3c	; 60
    0000013E A0                     366 	.db #0xa0	; 160
    0000013F 60                     367 	.db #0x60	; 96
    00000140 6F                     368 	.db #0x6f	; 111	'o'
    00000141 50                     369 	.db #0x50	; 80	'P'
    00000142 48                     370 	.db #0x48	; 72	'H'
    00000143 7F                     371 	.db #0x7f	; 127
    00000144 76                     372 	.db #0x76	; 118	'v'
    00000145 77                     373 	.db #0x77	; 119	'w'
    00000146 03                     374 	.db #0x03	; 3
    00000147 03                     375 	.db #0x03	; 3
    00000148 00                     376 	.db #0x00	; 0
    00000149 00                     377 	.db #0x00	; 0
    0000014A 07                     378 	.db #0x07	; 7
    0000014B 07                     379 	.db #0x07	; 7
    0000014C 0F                     380 	.db #0x0f	; 15
    0000014D 0F                     381 	.db #0x0f	; 15
    0000014E 07                     382 	.db #0x07	; 7
    0000014F 07                     383 	.db #0x07	; 7
    00000150 60                     384 	.db #0x60	; 96
    00000151 E0                     385 	.db #0xe0	; 224
    00000152 40                     386 	.db #0x40	; 64
    00000153 C0                     387 	.db #0xc0	; 192
    00000154 C0                     388 	.db #0xc0	; 192
    00000155 C0                     389 	.db #0xc0	; 192
    00000156 80                     390 	.db #0x80	; 128
    00000157 80                     391 	.db #0x80	; 128
    00000158 00                     392 	.db #0x00	; 0
    00000159 00                     393 	.db #0x00	; 0
    0000015A F0                     394 	.db #0xf0	; 240
    0000015B F0                     395 	.db #0xf0	; 240
    0000015C F8                     396 	.db #0xf8	; 248
    0000015D F8                     397 	.db #0xf8	; 248
    0000015E F0                     398 	.db #0xf0	; 240
    0000015F F0                     399 	.db #0xf0	; 240
    00000160 1F                     400 	.db #0x1f	; 31
    00000161 1F                     401 	.db #0x1f	; 31
    00000162 3F                     402 	.db #0x3f	; 63
    00000163 20                     403 	.db #0x20	; 32
    00000164 70                     404 	.db #0x70	; 112	'p'
    00000165 40                     405 	.db #0x40	; 64
    00000166 E0                     406 	.db #0xe0	; 224
    00000167 87                     407 	.db #0x87	; 135
    00000168 C3                     408 	.db #0xc3	; 195
    00000169 8F                     409 	.db #0x8f	; 143
    0000016A C4                     410 	.db #0xc4	; 196
    0000016B 9C                     411 	.db #0x9c	; 156
    0000016C C8                     412 	.db #0xc8	; 200
    0000016D 98                     413 	.db #0x98	; 152
    0000016E C8                     414 	.db #0xc8	; 200
    0000016F 98                     415 	.db #0x98	; 152
    00000170 FF                     416 	.db #0xff	; 255
    00000171 FF                     417 	.db #0xff	; 255
    00000172 FF                     418 	.db #0xff	; 255
    00000173 00                     419 	.db #0x00	; 0
    00000174 00                     420 	.db #0x00	; 0
    00000175 00                     421 	.db #0x00	; 0
    00000176 00                     422 	.db #0x00	; 0
    00000177 FF                     423 	.db #0xff	; 255
    00000178 FF                     424 	.db #0xff	; 255
    00000179 FF                     425 	.db #0xff	; 255
    0000017A 00                     426 	.db #0x00	; 0
    0000017B 00                     427 	.db #0x00	; 0
    0000017C 00                     428 	.db #0x00	; 0
    0000017D 00                     429 	.db #0x00	; 0
    0000017E 00                     430 	.db #0x00	; 0
    0000017F 00                     431 	.db #0x00	; 0
    00000180 F8                     432 	.db #0xf8	; 248
    00000181 F8                     433 	.db #0xf8	; 248
    00000182 FC                     434 	.db #0xfc	; 252
    00000183 04                     435 	.db #0x04	; 4
    00000184 0E                     436 	.db #0x0e	; 14
    00000185 02                     437 	.db #0x02	; 2
    00000186 07                     438 	.db #0x07	; 7
    00000187 E1                     439 	.db #0xe1	; 225
    00000188 C3                     440 	.db #0xc3	; 195
    00000189 F1                     441 	.db #0xf1	; 241
    0000018A 23                     442 	.db #0x23	; 35
    0000018B 39                     443 	.db #0x39	; 57	'9'
    0000018C 13                     444 	.db #0x13	; 19
    0000018D 19                     445 	.db #0x19	; 25
    0000018E 13                     446 	.db #0x13	; 19
    0000018F 19                     447 	.db #0x19	; 25
    00000190 13                     448 	.db #0x13	; 19
    00000191 19                     449 	.db #0x19	; 25
    00000192 13                     450 	.db #0x13	; 19
    00000193 19                     451 	.db #0x19	; 25
    00000194 13                     452 	.db #0x13	; 19
    00000195 19                     453 	.db #0x19	; 25
    00000196 13                     454 	.db #0x13	; 19
    00000197 19                     455 	.db #0x19	; 25
    00000198 13                     456 	.db #0x13	; 19
    00000199 19                     457 	.db #0x19	; 25
    0000019A 13                     458 	.db #0x13	; 19
    0000019B 19                     459 	.db #0x19	; 25
    0000019C 13                     460 	.db #0x13	; 19
    0000019D 19                     461 	.db #0x19	; 25
    0000019E 13                     462 	.db #0x13	; 19
    0000019F 19                     463 	.db #0x19	; 25
    000001A0 C8                     464 	.db #0xc8	; 200
    000001A1 98                     465 	.db #0x98	; 152
    000001A2 C8                     466 	.db #0xc8	; 200
    000001A3 98                     467 	.db #0x98	; 152
    000001A4 C8                     468 	.db #0xc8	; 200
    000001A5 98                     469 	.db #0x98	; 152
    000001A6 C8                     470 	.db #0xc8	; 200
    000001A7 98                     471 	.db #0x98	; 152
    000001A8 C8                     472 	.db #0xc8	; 200
    000001A9 98                     473 	.db #0x98	; 152
    000001AA C8                     474 	.db #0xc8	; 200
    000001AB 98                     475 	.db #0x98	; 152
    000001AC C8                     476 	.db #0xc8	; 200
    000001AD 98                     477 	.db #0x98	; 152
    000001AE C8                     478 	.db #0xc8	; 200
    000001AF 98                     479 	.db #0x98	; 152
    000001B0 13                     480 	.db #0x13	; 19
    000001B1 19                     481 	.db #0x19	; 25
    000001B2 13                     482 	.db #0x13	; 19
    000001B3 19                     483 	.db #0x19	; 25
    000001B4 23                     484 	.db #0x23	; 35
    000001B5 39                     485 	.db #0x39	; 57	'9'
    000001B6 C3                     486 	.db #0xc3	; 195
    000001B7 F1                     487 	.db #0xf1	; 241
    000001B8 03                     488 	.db #0x03	; 3
    000001B9 E1                     489 	.db #0xe1	; 225
    000001BA 06                     490 	.db #0x06	; 6
    000001BB 02                     491 	.db #0x02	; 2
    000001BC FC                     492 	.db #0xfc	; 252
    000001BD 04                     493 	.db #0x04	; 4
    000001BE F8                     494 	.db #0xf8	; 248
    000001BF F8                     495 	.db #0xf8	; 248
    000001C0 00                     496 	.db #0x00	; 0
    000001C1 00                     497 	.db #0x00	; 0
    000001C2 00                     498 	.db #0x00	; 0
    000001C3 00                     499 	.db #0x00	; 0
    000001C4 00                     500 	.db #0x00	; 0
    000001C5 00                     501 	.db #0x00	; 0
    000001C6 FF                     502 	.db #0xff	; 255
    000001C7 FF                     503 	.db #0xff	; 255
    000001C8 00                     504 	.db #0x00	; 0
    000001C9 FF                     505 	.db #0xff	; 255
    000001CA 00                     506 	.db #0x00	; 0
    000001CB 00                     507 	.db #0x00	; 0
    000001CC FF                     508 	.db #0xff	; 255
    000001CD 00                     509 	.db #0x00	; 0
    000001CE FF                     510 	.db #0xff	; 255
    000001CF FF                     511 	.db #0xff	; 255
    000001D0 C8                     512 	.db #0xc8	; 200
    000001D1 98                     513 	.db #0x98	; 152
    000001D2 C8                     514 	.db #0xc8	; 200
    000001D3 98                     515 	.db #0x98	; 152
    000001D4 C4                     516 	.db #0xc4	; 196
    000001D5 9C                     517 	.db #0x9c	; 156
    000001D6 C3                     518 	.db #0xc3	; 195
    000001D7 8F                     519 	.db #0x8f	; 143
    000001D8 E0                     520 	.db #0xe0	; 224
    000001D9 87                     521 	.db #0x87	; 135
    000001DA 70                     522 	.db #0x70	; 112	'p'
    000001DB 40                     523 	.db #0x40	; 64
    000001DC 3F                     524 	.db #0x3f	; 63
    000001DD 20                     525 	.db #0x20	; 32
    000001DE 1F                     526 	.db #0x1f	; 31
    000001DF 1F                     527 	.db #0x1f	; 31
    000001E0 FF                     528 	.db #0xff	; 255
    000001E1 00                     529 	.db #0x00	; 0
    000001E2 FF                     530 	.db #0xff	; 255
    000001E3 00                     531 	.db #0x00	; 0
    000001E4 FF                     532 	.db #0xff	; 255
    000001E5 00                     533 	.db #0x00	; 0
    000001E6 FF                     534 	.db #0xff	; 255
    000001E7 00                     535 	.db #0x00	; 0
    000001E8 FF                     536 	.db #0xff	; 255
    000001E9 00                     537 	.db #0x00	; 0
    000001EA FF                     538 	.db #0xff	; 255
    000001EB 00                     539 	.db #0x00	; 0
    000001EC FF                     540 	.db #0xff	; 255
    000001ED 00                     541 	.db #0x00	; 0
    000001EE FF                     542 	.db #0xff	; 255
    000001EF 00                     543 	.db #0x00	; 0
                                    544 	.area _CABS (ABS)
